Archive member included to satisfy reference by file (symbol)

E:/STM32CuneIDE/STM32CubeIDE_1.19.0/STM32CubeIDE/plugins/com.st.stm32cube.ide.mcu.externaltools.gnu-tools-for-stm32.13.3.rel1.win32_1.0.0.202411081344/tools/bin/../lib/gcc/arm-none-eabi/13.3.1/../../../../arm-none-eabi/lib/thumb/v7e-m+fp/hard\libc_nano.a(libc_a-exit.o)
                              E:/STM32CuneIDE/STM32CubeIDE_1.19.0/STM32CubeIDE/plugins/com.st.stm32cube.ide.mcu.externaltools.gnu-tools-for-stm32.13.3.rel1.win32_1.0.0.202411081344/tools/bin/../lib/gcc/arm-none-eabi/13.3.1/../../../../arm-none-eabi/lib/thumb/v7e-m+fp/hard/crt0.o (exit)
E:/STM32CuneIDE/STM32CubeIDE_1.19.0/STM32CubeIDE/plugins/com.st.stm32cube.ide.mcu.externaltools.gnu-tools-for-stm32.13.3.rel1.win32_1.0.0.202411081344/tools/bin/../lib/gcc/arm-none-eabi/13.3.1/../../../../arm-none-eabi/lib/thumb/v7e-m+fp/hard\libc_nano.a(libc_a-malloc.o)
                              ./Middlewares/ST/STM32_USB_Host_Library/Class/AUDIO/Src/usbh_audio.o (malloc)
E:/STM32CuneIDE/STM32CubeIDE_1.19.0/STM32CubeIDE/plugins/com.st.stm32cube.ide.mcu.externaltools.gnu-tools-for-stm32.13.3.rel1.win32_1.0.0.202411081344/tools/bin/../lib/gcc/arm-none-eabi/13.3.1/../../../../arm-none-eabi/lib/thumb/v7e-m+fp/hard\libc_nano.a(libc_a-mallocr.o)
                              E:/STM32CuneIDE/STM32CubeIDE_1.19.0/STM32CubeIDE/plugins/com.st.stm32cube.ide.mcu.externaltools.gnu-tools-for-stm32.13.3.rel1.win32_1.0.0.202411081344/tools/bin/../lib/gcc/arm-none-eabi/13.3.1/../../../../arm-none-eabi/lib/thumb/v7e-m+fp/hard\libc_nano.a(libc_a-malloc.o) (_malloc_r)
E:/STM32CuneIDE/STM32CubeIDE_1.19.0/STM32CubeIDE/plugins/com.st.stm32cube.ide.mcu.externaltools.gnu-tools-for-stm32.13.3.rel1.win32_1.0.0.202411081344/tools/bin/../lib/gcc/arm-none-eabi/13.3.1/../../../../arm-none-eabi/lib/thumb/v7e-m+fp/hard\libc_nano.a(libc_a-mlock.o)
                              E:/STM32CuneIDE/STM32CubeIDE_1.19.0/STM32CubeIDE/plugins/com.st.stm32cube.ide.mcu.externaltools.gnu-tools-for-stm32.13.3.rel1.win32_1.0.0.202411081344/tools/bin/../lib/gcc/arm-none-eabi/13.3.1/../../../../arm-none-eabi/lib/thumb/v7e-m+fp/hard\libc_nano.a(libc_a-mallocr.o) (__malloc_lock)
E:/STM32CuneIDE/STM32CubeIDE_1.19.0/STM32CubeIDE/plugins/com.st.stm32cube.ide.mcu.externaltools.gnu-tools-for-stm32.13.3.rel1.win32_1.0.0.202411081344/tools/bin/../lib/gcc/arm-none-eabi/13.3.1/../../../../arm-none-eabi/lib/thumb/v7e-m+fp/hard\libc_nano.a(libc_a-findfp.o)
                              E:/STM32CuneIDE/STM32CubeIDE_1.19.0/STM32CubeIDE/plugins/com.st.stm32cube.ide.mcu.externaltools.gnu-tools-for-stm32.13.3.rel1.win32_1.0.0.202411081344/tools/bin/../lib/gcc/arm-none-eabi/13.3.1/../../../../arm-none-eabi/lib/thumb/v7e-m+fp/hard\libc_nano.a(libc_a-exit.o) (__stdio_exit_handler)
E:/STM32CuneIDE/STM32CubeIDE_1.19.0/STM32CubeIDE/plugins/com.st.stm32cube.ide.mcu.externaltools.gnu-tools-for-stm32.13.3.rel1.win32_1.0.0.202411081344/tools/bin/../lib/gcc/arm-none-eabi/13.3.1/../../../../arm-none-eabi/lib/thumb/v7e-m+fp/hard\libc_nano.a(libc_a-fwalk.o)
                              E:/STM32CuneIDE/STM32CubeIDE_1.19.0/STM32CubeIDE/plugins/com.st.stm32cube.ide.mcu.externaltools.gnu-tools-for-stm32.13.3.rel1.win32_1.0.0.202411081344/tools/bin/../lib/gcc/arm-none-eabi/13.3.1/../../../../arm-none-eabi/lib/thumb/v7e-m+fp/hard\libc_nano.a(libc_a-findfp.o) (_fwalk_sglue)
E:/STM32CuneIDE/STM32CubeIDE_1.19.0/STM32CubeIDE/plugins/com.st.stm32cube.ide.mcu.externaltools.gnu-tools-for-stm32.13.3.rel1.win32_1.0.0.202411081344/tools/bin/../lib/gcc/arm-none-eabi/13.3.1/../../../../arm-none-eabi/lib/thumb/v7e-m+fp/hard\libc_nano.a(libc_a-sprintf.o)
                              ./Core/Src/main.o (sprintf)
E:/STM32CuneIDE/STM32CubeIDE_1.19.0/STM32CubeIDE/plugins/com.st.stm32cube.ide.mcu.externaltools.gnu-tools-for-stm32.13.3.rel1.win32_1.0.0.202411081344/tools/bin/../lib/gcc/arm-none-eabi/13.3.1/../../../../arm-none-eabi/lib/thumb/v7e-m+fp/hard\libc_nano.a(libc_a-stdio.o)
                              E:/STM32CuneIDE/STM32CubeIDE_1.19.0/STM32CubeIDE/plugins/com.st.stm32cube.ide.mcu.externaltools.gnu-tools-for-stm32.13.3.rel1.win32_1.0.0.202411081344/tools/bin/../lib/gcc/arm-none-eabi/13.3.1/../../../../arm-none-eabi/lib/thumb/v7e-m+fp/hard\libc_nano.a(libc_a-findfp.o) (__sread)
E:/STM32CuneIDE/STM32CubeIDE_1.19.0/STM32CubeIDE/plugins/com.st.stm32cube.ide.mcu.externaltools.gnu-tools-for-stm32.13.3.rel1.win32_1.0.0.202411081344/tools/bin/../lib/gcc/arm-none-eabi/13.3.1/../../../../arm-none-eabi/lib/thumb/v7e-m+fp/hard\libc_nano.a(libc_a-memset.o)
                              E:/STM32CuneIDE/STM32CubeIDE_1.19.0/STM32CubeIDE/plugins/com.st.stm32cube.ide.mcu.externaltools.gnu-tools-for-stm32.13.3.rel1.win32_1.0.0.202411081344/tools/bin/../lib/gcc/arm-none-eabi/13.3.1/../../../../arm-none-eabi/lib/thumb/v7e-m+fp/hard/crt0.o (memset)
[...]
Memory Configuration

Name             Origin             Length             Attributes
RAM              0x20000000         0x00040000         xrw
FLASH            0x08000000         0x00080000         xr
*default*        0x00000000         0xffffffff

Linker script and memory map

LOAD E:/STM32CuneIDE/STM32CubeIDE_1.19.0/STM32CubeIDE/plugins/com.st.stm32cube.ide.mcu.externaltools.gnu-tools-for-stm32.13.3.rel1.win32_1.0.0.202411081344/tools/bin/../lib/gcc/arm-none-eabi/13.3.1/thumb/v7e-m+fp/hard/crti.o
LOAD E:/STM32CuneIDE/STM32CubeIDE_1.19.0/STM32CubeIDE/plugins/com.st.stm32cube.ide.mcu.externaltools.gnu-tools-for-stm32.13.3.rel1.win32_1.0.0.202411081344/tools/bin/../lib/gcc/arm-none-eabi/13.3.1/thumb/v7e-m+fp/hard/crtbegin.o
LOAD E:/STM32CuneIDE/STM32CubeIDE_1.19.0/STM32CubeIDE/plugins/com.st.stm32cube.ide.mcu.externaltools.gnu-tools-for-stm32.13.3.rel1.win32_1.0.0.202411081344/tools/bin/../lib/gcc/arm-none-eabi/13.3.1/../../../../arm-none-eabi/lib/thumb/v7e-m+fp/hard/crt0.o
LOAD ./Core/Src/adc.o
LOAD ./Core/Src/fmc.o
LOAD ./Core/Src/gpio.o
LOAD ./Core/Src/i2c.o
LOAD ./Core/Src/main.o
LOAD ./Core/Src/quadspi.o
LOAD ./Core/Src/sai.o
LOAD ./Core/Src/spi.o
LOAD ./Core/Src/stm32f7xx_hal_msp.o
LOAD ./Core/Src/stm32f7xx_hal_timebase_tim.o
LOAD ./Core/Src/stm32f7xx_it.o
LOAD ./Core/Src/syscalls.o
LOAD ./Core/Src/sysmem.o
LOAD ./Core/Src/system_stm32f7xx.o
LOAD ./Core/Src/tim.o
LOAD ./Core/Src/usart.o
LOAD ./Core/Startup/startup_stm32f723iekx.o
LOAD ./Drivers/STM32F7xx_HAL_Driver/Src/stm32f7xx_hal.o
LOAD ./Drivers/STM32F7xx_HAL_Driver/Src/stm32f7xx_hal_adc.o
LOAD ./Drivers/STM32F7xx_HAL_Driver/Src/stm32f7xx_hal_adc_ex.o
LOAD ./Drivers/STM32F7xx_HAL_Driver/Src/stm32f7xx_hal_cortex.o
LOAD ./Drivers/STM32F7xx_HAL_Driver/Src/stm32f7xx_hal_dma.o
LOAD ./Drivers/STM32F7xx_HAL_Driver/Src/stm32f7xx_hal_dma_ex.o
LOAD ./Drivers/STM32F7xx_HAL_Driver/Src/stm32f7xx_hal_exti.o
LOAD ./Drivers/STM32F7xx_HAL_Driver/Src/stm32f7xx_hal_flash.o
LOAD ./Drivers/STM32F7xx_HAL_Driver/Src/stm32f7xx_hal_flash_ex.o
LOAD ./Drivers/STM32F7xx_HAL_Driver/Src/stm32f7xx_hal_gpio.o
LOAD ./Drivers/STM32F7xx_HAL_Driver/Src/stm32f7xx_hal_hcd.o
LOAD ./Drivers/STM32F7xx_HAL_Driver/Src/stm32f7xx_hal_i2c.o
LOAD ./Drivers/STM32F7xx_HAL_Driver/Src/stm32f7xx_hal_i2c_ex.o
LOAD ./Drivers/STM32F7xx_HAL_Driver/Src/stm32f7xx_hal_nand.o
LOAD ./Drivers/STM32F7xx_HAL_Driver/Src/stm32f7xx_hal_nor.o
LOAD ./Drivers/STM32F7xx_HAL_Driver/Src/stm32f7xx_hal_pwr.o
LOAD ./Drivers/STM32F7xx_HAL_Driver/Src/stm32f7xx_hal_pwr_ex.o
LOAD ./Drivers/STM32F7xx_HAL_Driver/Src/stm32f7xx_hal_qspi.o
LOAD ./Drivers/STM32F7xx_HAL_Driver/Src/stm32f7xx_hal_rcc.o
LOAD ./Drivers/STM32F7xx_HAL_Driver/Src/stm32f7xx_hal_rcc_ex.o
LOAD ./Drivers/STM32F7xx_HAL_Driver/Src/stm32f7xx_hal_sai.o
LOAD ./Drivers/STM32F7xx_HAL_Driver/Src/stm32f7xx_hal_sai_ex.o
LOAD ./Drivers/STM32F7xx_HAL_Driver/Src/stm32f7xx_hal_sdram.o
LOAD ./Drivers/STM32F7xx_HAL_Driver/Src/stm32f7xx_hal_spi.o
LOAD ./Drivers/STM32F7xx_HAL_Driver/Src/stm32f7xx_hal_spi_ex.o
LOAD ./Drivers/STM32F7xx_HAL_Driver/Src/stm32f7xx_hal_sram.o
LOAD ./Drivers/STM32F7xx_HAL_Driver/Src/stm32f7xx_hal_tim.o
LOAD ./Drivers/STM32F7xx_HAL_Driver/Src/stm32f7xx_hal_tim_ex.o
LOAD ./Drivers/STM32F7xx_HAL_Driver/Src/stm32f7xx_hal_uart.o
LOAD ./Drivers/STM32F7xx_HAL_Driver/Src/stm32f7xx_hal_uart_ex.o
LOAD ./Drivers/STM32F7xx_HAL_Driver/Src/stm32f7xx_ll_fmc.o
LOAD ./Drivers/STM32F7xx_HAL_Driver/Src/stm32f7xx_ll_usb.o
LOAD ./Middlewares/ST/STM32_USB_Host_Library/Class/AUDIO/Src/usbh_audio.o
LOAD ./Middlewares/ST/STM32_USB_Host_Library/Class/MSC/Src/usbh_msc.o
LOAD ./Middlewares/ST/STM32_USB_Host_Library/Class/MSC/Src/usbh_msc_bot.o
LOAD ./Middlewares/ST/STM32_USB_Host_Library/Class/MSC/Src/usbh_msc_scsi.o
LOAD ./Middlewares/ST/STM32_USB_Host_Library/Core/Src/usbh_core.o
LOAD ./Middlewares/ST/STM32_USB_Host_Library/Core/Src/usbh_ctlreq.o
LOAD ./Middlewares/ST/STM32_USB_Host_Library/Core/Src/usbh_ioreq.o
LOAD ./Middlewares/ST/STM32_USB_Host_Library/Core/Src/usbh_pipes.o
LOAD ./USB_HOST/App/usb_host.o
LOAD ./USB_HOST/Target/usbh_conf.o
LOAD ./USB_HOST/Target/usbh_platform.o
START GROUP
LOAD E:/STM32CuneIDE/STM32CubeIDE_1.19.0/STM32CubeIDE/plugins/com.st.stm32cube.ide.mcu.externaltools.gnu-tools-for-stm32.13.3.rel1.win32_1.0.0.202411081344/tools/bin/../lib/gcc/arm-none-eabi/13.3.1/../../../../arm-none-eabi/lib/thumb/v7e-m+fp/hard\libc_nano.a
LOAD E:/STM32CuneIDE/STM32CubeIDE_1.19.0/STM32CubeIDE/plugins/com.st.stm32cube.ide.mcu.externaltools.gnu-tools-for-stm32.13.3.rel1.win32_1.0.0.202411081344/tools/bin/../lib/gcc/arm-none-eabi/13.3.1/../../../../arm-none-eabi/lib/thumb/v7e-m+fp/hard\libm.a
END GROUP
START GROUP
LOAD E:/STM32CuneIDE/STM32CubeIDE_1.19.0/STM32CubeIDE/plugins/com.st.stm32cube.ide.mcu.externaltools.gnu-tools-for-stm32.13.3.rel1.win32_1.0.0.202411081344/tools/bin/../lib/gcc/arm-none-eabi/13.3.1/thumb/v7e-m+fp/hard\libgcc.a
LOAD E:/STM32CuneIDE/STM32CubeIDE_1.19.0/STM32CubeIDE/plugins/com.st.stm32cube.ide.mcu.externaltools.gnu-tools-for-stm32.13.3.rel1.win32_1.0.0.202411081344/tools/bin/../lib/gcc/arm-none-eabi/13.3.1/../../../../arm-none-eabi/lib/thumb/v7e-m+fp/hard\libc_nano.a
END GROUP
START GROUP
LOAD E:/STM32CuneIDE/STM32CubeIDE_1.19.0/STM32CubeIDE/plugins/com.st.stm32cube.ide.mcu.externaltools.gnu-tools-for-stm32.13.3.rel1.win32_1.0.0.202411081344/tools/bin/../lib/gcc/arm-none-eabi/13.3.1/thumb/v7e-m+fp/hard\libgcc.a
LOAD E:/STM32CuneIDE/STM32CubeIDE_1.19.0/STM32CubeIDE/plugins/com.st.stm32cube.ide.mcu.externaltools.gnu-tools-for-stm32.13.3.rel1.win32_1.0.0.202411081344/tools/bin/../lib/gcc/arm-none-eabi/13.3.1/../../../../arm-none-eabi/lib/thumb/v7e-m+fp/hard\libc_nano.a
LOAD E:/STM32CuneIDE/STM32CubeIDE_1.19.0/STM32CubeIDE/plugins/com.st.stm32cube.ide.mcu.externaltools.gnu-tools-for-stm32.13.3.rel1.win32_1.0.0.202411081344/tools/bin/../lib/gcc/arm-none-eabi/13.3.1/../../../../arm-none-eabi/lib/thumb/v7e-m+fp/hard\libnosys.a
END GROUP
START GROUP
LOAD E:/STM32CuneIDE/STM32CubeIDE_1.19.0/STM32CubeIDE/plugins/com.st.stm32cube.ide.mcu.externaltools.gnu-tools-for-stm32.13.3.rel1.win32_1.0.0.202411081344/tools/bin/../lib/gcc/arm-none-eabi/13.3.1/thumb/v7e-m+fp/hard\libgcc.a
LOAD E:/STM32CuneIDE/STM32CubeIDE_1.19.0/STM32CubeIDE/plugins/com.st.stm32cube.ide.mcu.externaltools.gnu-tools-for-stm32.13.3.rel1.win32_1.0.0.202411081344/tools/bin/../lib/gcc/arm-none-eabi/13.3.1/../../../../arm-none-eabi/lib/thumb/v7e-m+fp/hard\libc_nano.a
LOAD E:/STM32CuneIDE/STM32CubeIDE_1.19.0/STM32CubeIDE/plugins/com.st.stm32cube.ide.mcu.externaltools.gnu-tools-for-stm32.13.3.rel1.win32_1.0.0.202411081344/tools/bin/../lib/gcc/arm-none-eabi/13.3.1/../../../../arm-none-eabi/lib/thumb/v7e-m+fp/hard\libnosys.a
END GROUP
LOAD E:/STM32CuneIDE/STM32CubeIDE_1.19.0/STM32CubeIDE/plugins/com.st.stm32cube.ide.mcu.externaltools.gnu-tools-for-stm32.13.3.rel1.win32_1.0.0.202411081344/tools/bin/../lib/gcc/arm-none-eabi/13.3.1/thumb/v7e-m+fp/hard/crtend.o
LOAD E:/STM32CuneIDE/STM32CubeIDE_1.19.0/STM32CubeIDE/plugins/com.st.stm32cube.ide.mcu.externaltools.gnu-tools-for-stm32.13.3.rel1.win32_1.0.0.202411081344/tools/bin/../lib/gcc/arm-none-eabi/13.3.1/thumb/v7e-m+fp/hard/crtn.o
                0x20040000                        _estack = (ORIGIN (RAM) + LENGTH (RAM))
                0x00000200                        _Min_Heap_Size = 0x200
                0x00000400                        _Min_Stack_Size = 0x400

.isr_vector     0x08000000      0x1e0
                0x08000000                        . = ALIGN (0x4)
 *(.isr_vector)
 .isr_vector    0x08000000      0x1e0 ./Core/Startup/startup_stm32f723iekx.o
                0x08000000                g_pfnVectors
                0x080001e0                        . = ALIGN (0x4)

.text           0x080001e0    0x10838
                0x080001e0                        . = ALIGN (0x4)
 *(.text)
 .text          0x080001e0       0x40 E:/STM32CuneIDE/STM32CubeIDE_1.19.0/STM32CubeIDE/plugins/com.st.stm32cube.ide.mcu.externaltools.gnu-tools-for-stm32.13.3.rel1.win32_1.0.0.202411081344/tools/bin/../lib/gcc/arm-none-eabi/13.3.1/thumb/v7e-m+fp/hard/crtbegin.o
 .text          0x08000220       0x10 E:/STM32CuneIDE/STM32CubeIDE_1.19.0/STM32CubeIDE/plugins/com.st.stm32cube.ide.mcu.externaltools.gnu-tools-for-stm32.13.3.rel1.win32_1.0.0.202411081344/tools/bin/../lib/gcc/arm-none-eabi/13.3.1/../../../../arm-none-eabi/lib/thumb/v7e-m+fp/hard\libc_nano.a(libc_a-strlen.o)
                0x08000220                strlen
 .text          0x08000230       0xa0 E:/STM32CuneIDE/STM32CubeIDE_1.19.0/STM32CubeIDE/plugins/com.st.stm32cube.ide.mcu.externaltools.gnu-tools-for-stm32.13.3.rel1.win32_1.0.0.202411081344/tools/bin/../lib/gcc/arm-none-eabi/13.3.1/../../../../arm-none-eabi/lib/thumb/v7e-m+fp/hard\libc_nano.a(libc_a-memchr.o)
                0x08000230                memchr
 .text          0x080002d0       0x30 E:/STM32CuneIDE/STM32CubeIDE_1.19.0/STM32CubeIDE/plugins/com.st.stm32cube.ide.mcu.externaltools.gnu-tools-for-stm32.13.3.rel1.win32_1.0.0.202411081344/tools/bin/../lib/gcc/arm-none-eabi/13.3.1/thumb/v7e-m+fp/hard\libgcc.a(_aeabi_uldivmod.o)
                0x080002d0                __aeabi_uldivmod
 .text          0x08000300      0x2f8 E:/STM32CuneIDE/STM32CubeIDE_1.19.0/STM32CubeIDE/plugins/com.st.stm32cube.ide.mcu.externaltools.gnu-tools-for-stm32.13.3.rel1.win32_1.0.0.202411081344/tools/bin/../lib/gcc/arm-none-eabi/13.3.1/thumb/v7e-m+fp/hard\libgcc.a(_udivmoddi4.o)
                0x08000300                __udivmoddi4
 .text          0x080005f8        0x4 E:/STM32CuneIDE/STM32CubeIDE_1.19.0/STM32CubeIDE/plugins/com.st.stm32cube.ide.mcu.externaltools.gnu-tools-for-stm32.13.3.rel1.win32_1.0.0.202411081344/tools/bin/../lib/gcc/arm-none-eabi/13.3.1/thumb/v7e-m+fp/hard\libgcc.a(_dvmd_tls.o)
                0x080005f8                __aeabi_idiv0
                0x080005f8                __aeabi_ldiv0
 *(.text*)
 .text.MX_ADC1_Init
                0x080005fc       0xa4 ./Core/Src/adc.o
                0x080005fc                MX_ADC1_Init
 .text.MX_ADC2_Init
                0x080006a0       0xa4 ./Core/Src/adc.o
                0x080006a0                MX_ADC2_Init
 .text.MX_ADC3_Init
                0x08000744       0xa4 ./Core/Src/adc.o
                0x08000744                MX_ADC3_Init
 .text.HAL_ADC_MspInit
                0x080007e8      0x198 ./Core/Src/adc.o
                0x080007e8                HAL_ADC_MspInit
 .text.MX_FMC_Init
                0x08000980      0x164 ./Core/Src/fmc.o
                0x08000980                MX_FMC_Init
 .text.HAL_FMC_MspInit
                0x08000ae4      0x100 ./Core/Src/fmc.o
 .text.HAL_SRAM_MspInit
                0x08000be4       0x14 ./Core/Src/fmc.o
                0x08000be4                HAL_SRAM_MspInit
 .text.MX_GPIO_Init
                0x08000bf8      0x330 ./Core/Src/gpio.o
                0x08000bf8                MX_GPIO_Init
 .text.MX_I2C1_Init
                0x08000f28       0x80 ./Core/Src/i2c.o
                0x08000f28                MX_I2C1_Init
 .text.MX_I2C2_Init
                0x08000fa8       0x80 ./Core/Src/i2c.o
                0x08000fa8                MX_I2C2_Init
 .text.MX_I2C3_Init
                0x08001028       0x80 ./Core/Src/i2c.o
                0x08001028                MX_I2C3_Init
 .text.HAL_I2C_MspInit
                0x080010a8      0x224 ./Core/Src/i2c.o
                0x080010a8                HAL_I2C_MspInit
 .text.main     0x080012cc       0xa4 ./Core/Src/main.o
                0x080012cc                main
 .text.SystemClock_Config
                0x08001370       0xe0 ./Core/Src/main.o
                0x08001370                SystemClock_Config
 .text.PeriphCommonClock_Config
                0x08001450       0x46 ./Core/Src/main.o
                0x08001450                PeriphCommonClock_Config
 *fill*         0x08001496        0x2 
 .text.HAL_TIM_PeriodElapsedCallback
                0x08001498       0x4c ./Core/Src/main.o
                0x08001498                HAL_TIM_PeriodElapsedCallback
 .text.Error_Handler
                0x080014e4        0xc ./Core/Src/main.o
                0x080014e4                Error_Handler
 .text.MX_QUADSPI_Init
                0x080014f0       0x58 ./Core/Src/quadspi.o
                0x080014f0                MX_QUADSPI_Init
 .text.HAL_QSPI_MspInit
                0x08001548      0x160 ./Core/Src/quadspi.o
                0x08001548                HAL_QSPI_MspInit
 .text.MX_SAI2_Init
                0x080016a8      0x150 ./Core/Src/sai.o
                0x080016a8                MX_SAI2_Init
 .text.HAL_SAI_MspInit
                0x080017f8       0xd4 ./Core/Src/sai.o
                0x080017f8                HAL_SAI_MspInit
 .text.MX_SPI1_Init
                0x080018cc       0x7c ./Core/Src/spi.o
                0x080018cc                MX_SPI1_Init
 .text.MX_SPI2_Init
                0x08001948       0x7c ./Core/Src/spi.o
                0x08001948                MX_SPI2_Init
 .text.HAL_SPI_MspInit
                0x080019c4      0x164 ./Core/Src/spi.o
                0x080019c4                HAL_SPI_MspInit
 .text.HAL_MspInit
                0x08001b28       0x48 ./Core/Src/stm32f7xx_hal_msp.o
                0x08001b28                HAL_MspInit
 .text.HAL_InitTick
                0x08001b70       0xe4 ./Core/Src/stm32f7xx_hal_timebase_tim.o
                0x08001b70                HAL_InitTick
 .text.NMI_Handler
                0x08001c54        0x8 ./Core/Src/stm32f7xx_it.o
                0x08001c54                NMI_Handler
 .text.HardFault_Handler
                0x08001c5c        0x8 ./Core/Src/stm32f7xx_it.o
                0x08001c5c                HardFault_Handler
 .text.MemManage_Handler
                0x08001c64        0x8 ./Core/Src/stm32f7xx_it.o
                0x08001c64                MemManage_Handler
 .text.BusFault_Handler
                0x08001c6c        0x8 ./Core/Src/stm32f7xx_it.o
                0x08001c6c                BusFault_Handler
 .text.UsageFault_Handler
                0x08001c74        0x8 ./Core/Src/stm32f7xx_it.o
                0x08001c74                UsageFault_Handler
 .text.SVC_Handler
                0x08001c7c        0xe ./Core/Src/stm32f7xx_it.o
                0x08001c7c                SVC_Handler
 .text.DebugMon_Handler
                0x08001c8a        0xe ./Core/Src/stm32f7xx_it.o
                0x08001c8a                DebugMon_Handler
 .text.PendSV_Handler
                0x08001c98        0xe ./Core/Src/stm32f7xx_it.o
                0x08001c98                PendSV_Handler
 .text.SysTick_Handler
                0x08001ca6        0xe ./Core/Src/stm32f7xx_it.o
                0x08001ca6                SysTick_Handler
 .text.TIM1_UP_TIM10_IRQHandler
                0x08001cb4       0x14 ./Core/Src/stm32f7xx_it.o
                0x08001cb4                TIM1_UP_TIM10_IRQHandler
 .text.TIM2_IRQHandler
                0x08001cc8       0x14 ./Core/Src/stm32f7xx_it.o
                0x08001cc8                TIM2_IRQHandler
 .text.USART2_IRQHandler
                0x08001cdc       0x14 ./Core/Src/stm32f7xx_it.o
                0x08001cdc                USART2_IRQHandler
 .text.OTG_FS_IRQHandler
                0x08001cf0       0x14 ./Core/Src/stm32f7xx_it.o
                0x08001cf0                OTG_FS_IRQHandler
 .text.OTG_HS_IRQHandler
                0x08001d04       0x14 ./Core/Src/stm32f7xx_it.o
                0x08001d04                OTG_HS_IRQHandler
 .text._sbrk    0x08001d18       0x6c ./Core/Src/sysmem.o
                0x08001d18                _sbrk
 .text.SystemInit
                0x08001d84       0x24 ./Core/Src/system_stm32f7xx.o
                0x08001d84                SystemInit
 .text.MX_TIM2_Init
                0x08001da8       0xf0 ./Core/Src/tim.o
                0x08001da8                MX_TIM2_Init
 .text.MX_TIM3_Init
                0x08001e98       0xb4 ./Core/Src/tim.o
                0x08001e98                MX_TIM3_Init
 .text.MX_TIM5_Init
                0x08001f4c       0xb4 ./Core/Src/tim.o
                0x08001f4c                MX_TIM5_Init
 .text.MX_TIM9_Init
                0x08002000       0xa0 ./Core/Src/tim.o
                0x08002000                MX_TIM9_Init
 .text.MX_TIM12_Init
                0x080020a0       0x8c ./Core/Src/tim.o
                0x080020a0                MX_TIM12_Init
 .text.HAL_TIM_Base_MspInit
                0x0800212c       0x48 ./Core/Src/tim.o
                0x0800212c                HAL_TIM_Base_MspInit
 .text.HAL_TIM_PWM_MspInit
                0x08002174       0xb8 ./Core/Src/tim.o
                0x08002174                HAL_TIM_PWM_MspInit
 .text.HAL_TIM_MspPostInit
                0x0800222c      0x198 ./Core/Src/tim.o
                0x0800222c                HAL_TIM_MspPostInit
 .text.MX_UART4_Init
                0x080023c4       0x60 ./Core/Src/usart.o
                0x080023c4                MX_UART4_Init
 .text.MX_UART5_Init
                0x08002424       0x60 ./Core/Src/usart.o
                0x08002424                MX_UART5_Init
 .text.MX_UART7_Init
                0x08002484       0x60 ./Core/Src/usart.o
                0x08002484                MX_UART7_Init
 .text.MX_USART2_UART_Init
                0x080024e4       0x60 ./Core/Src/usart.o
                0x080024e4                MX_USART2_UART_Init
 .text.MX_USART6_UART_Init
                0x08002544       0x60 ./Core/Src/usart.o
                0x08002544                MX_USART6_UART_Init
 .text.HAL_UART_MspInit
                0x080025a4      0x350 ./Core/Src/usart.o
                0x080025a4                HAL_UART_MspInit
 .text.Reset_Handler
                0x080028f4       0x50 ./Core/Startup/startup_stm32f723iekx.o
                0x080028f4                Reset_Handler
 .text.Default_Handler
                0x08002944        0x2 ./Core/Startup/startup_stm32f723iekx.o
                0x08002944                RTC_Alarm_IRQHandler
                0x08002944                EXTI2_IRQHandler
                0x08002944                TIM8_CC_IRQHandler
                0x08002944                UART8_IRQHandler
                0x08002944                SPI4_IRQHandler
                0x08002944                TIM1_CC_IRQHandler
                0x08002944                DMA2_Stream5_IRQHandler
                0x08002944                DMA1_Stream5_IRQHandler
                0x08002944                PVD_IRQHandler
                0x08002944                TAMP_STAMP_IRQHandler
                0x08002944                EXTI3_IRQHandler
                0x08002944                TIM8_TRG_COM_TIM14_IRQHandler
                0x08002944                TIM8_UP_TIM13_IRQHandler
                0x08002944                I2C3_ER_IRQHandler
                0x08002944                EXTI0_IRQHandler
                0x08002944                I2C2_EV_IRQHandler
                0x08002944                DMA1_Stream2_IRQHandler
                0x08002944                CAN1_RX0_IRQHandler
                0x08002944                FPU_IRQHandler
                0x08002944                OTG_HS_WKUP_IRQHandler
                0x08002944                DMA2_Stream2_IRQHandler
                0x08002944                SPI1_IRQHandler
                0x08002944                TIM6_DAC_IRQHandler
                0x08002944                TIM1_BRK_TIM9_IRQHandler
                0x08002944                DMA2_Stream3_IRQHandler
                0x08002944                SAI2_IRQHandler
                0x08002944                USART6_IRQHandler
                0x08002944                USART3_IRQHandler
                0x08002944                CAN1_RX1_IRQHandler
                0x08002944                UART5_IRQHandler
                0x08002944                DMA2_Stream0_IRQHandler
                0x08002944                TIM4_IRQHandler
                0x08002944                QUADSPI_IRQHandler
                0x08002944                I2C1_EV_IRQHandler
                0x08002944                DMA1_Stream6_IRQHandler
                0x08002944                DMA1_Stream1_IRQHandler
                0x08002944                UART4_IRQHandler
                0x08002944                TIM3_IRQHandler
                0x08002944                RCC_IRQHandler
                0x08002944                TIM8_BRK_TIM12_IRQHandler
                0x08002944                Default_Handler
                0x08002944                EXTI15_10_IRQHandler
                0x08002944                ADC_IRQHandler
                0x08002944                DMA1_Stream7_IRQHandler
                0x08002944                SPI5_IRQHandler
                0x08002944                TIM7_IRQHandler
                0x08002944                SDMMC1_IRQHandler
                0x08002944                TIM5_IRQHandler
                0x08002944                DMA2_Stream7_IRQHandler
                0x08002944                I2C3_EV_IRQHandler
                0x08002944                EXTI9_5_IRQHandler
                0x08002944                RTC_WKUP_IRQHandler
                0x08002944                SPI2_IRQHandler
                0x08002944                OTG_HS_EP1_IN_IRQHandler
                0x08002944                DMA1_Stream0_IRQHandler
                0x08002944                CAN1_TX_IRQHandler
                0x08002944                EXTI4_IRQHandler
                0x08002944                RNG_IRQHandler
                0x08002944                OTG_HS_EP1_OUT_IRQHandler
                0x08002944                WWDG_IRQHandler
                0x08002944                OTG_FS_WKUP_IRQHandler
                0x08002944                TIM1_TRG_COM_TIM11_IRQHandler
                0x08002944                EXTI1_IRQHandler
                0x08002944                SDMMC2_IRQHandler
                0x08002944                UART7_IRQHandler
                0x08002944                I2C2_ER_IRQHandler
                0x08002944                DMA2_Stream1_IRQHandler
                0x08002944                CAN1_SCE_IRQHandler
                0x08002944                FLASH_IRQHandler
                0x08002944                DMA2_Stream4_IRQHandler
                0x08002944                USART1_IRQHandler
                0x08002944                SPI3_IRQHandler
                0x08002944                DMA1_Stream4_IRQHandler
                0x08002944                I2C1_ER_IRQHandler
                0x08002944                FMC_IRQHandler
                0x08002944                LPTIM1_IRQHandler
                0x08002944                DMA2_Stream6_IRQHandler
                0x08002944                SAI1_IRQHandler
                0x08002944                DMA1_Stream3_IRQHandler
 .text.HAL_Init
                0x08002946       0x1a ./Drivers/STM32F7xx_HAL_Driver/Src/stm32f7xx_hal.o
                0x08002946                HAL_Init
 .text.HAL_IncTick
                0x08002960       0x28 ./Drivers/STM32F7xx_HAL_Driver/Src/stm32f7xx_hal.o
                0x08002960                HAL_IncTick
 .text.HAL_GetTick
                0x08002988       0x18 ./Drivers/STM32F7xx_HAL_Driver/Src/stm32f7xx_hal.o
                0x08002988                HAL_GetTick
 .text.HAL_Delay
                0x080029a0       0x48 ./Drivers/STM32F7xx_HAL_Driver/Src/stm32f7xx_hal.o
                0x080029a0                HAL_Delay
 .text.HAL_ADC_Init
                0x080029e8       0x88 ./Drivers/STM32F7xx_HAL_Driver/Src/stm32f7xx_hal_adc.o
                0x080029e8                HAL_ADC_Init
 .text.HAL_ADC_ConfigChannel
                0x08002a70      0x2b4 ./Drivers/STM32F7xx_HAL_Driver/Src/stm32f7xx_hal_adc.o
                0x08002a70                HAL_ADC_ConfigChannel
 .text.ADC_Init
                0x08002d24      0x1f4 ./Drivers/STM32F7xx_HAL_Driver/Src/stm32f7xx_hal_adc.o
 .text.__NVIC_SetPriorityGrouping
                0x08002f18       0x48 ./Drivers/STM32F7xx_HAL_Driver/Src/stm32f7xx_hal_cortex.o
 .text.__NVIC_GetPriorityGrouping
                0x08002f60       0x1c ./Drivers/STM32F7xx_HAL_Driver/Src/stm32f7xx_hal_cortex.o
 .text.__NVIC_EnableIRQ
                0x08002f7c       0x3c ./Drivers/STM32F7xx_HAL_Driver/Src/stm32f7xx_hal_cortex.o
 .text.__NVIC_SetPriority
                0x08002fb8       0x54 ./Drivers/STM32F7xx_HAL_Driver/Src/stm32f7xx_hal_cortex.o
 .text.NVIC_EncodePriority
                0x0800300c       0x66 ./Drivers/STM32F7xx_HAL_Driver/Src/stm32f7xx_hal_cortex.o
 .text.HAL_NVIC_SetPriorityGrouping
                0x08003072       0x16 ./Drivers/STM32F7xx_HAL_Driver/Src/stm32f7xx_hal_cortex.o
                0x08003072                HAL_NVIC_SetPriorityGrouping
 .text.HAL_NVIC_SetPriority
                0x08003088       0x38 ./Drivers/STM32F7xx_HAL_Driver/Src/stm32f7xx_hal_cortex.o
                0x08003088                HAL_NVIC_SetPriority
 .text.HAL_NVIC_EnableIRQ
                0x080030c0       0x1c ./Drivers/STM32F7xx_HAL_Driver/Src/stm32f7xx_hal_cortex.o
                0x080030c0                HAL_NVIC_EnableIRQ
 .text.HAL_DMA_Abort
                0x080030dc       0xe0 ./Drivers/STM32F7xx_HAL_Driver/Src/stm32f7xx_hal_dma.o
                0x080030dc                HAL_DMA_Abort
 .text.HAL_DMA_Abort_IT
                0x080031bc       0x44 ./Drivers/STM32F7xx_HAL_Driver/Src/stm32f7xx_hal_dma.o
                0x080031bc                HAL_DMA_Abort_IT
 .text.HAL_GPIO_Init
                0x08003200      0x338 ./Drivers/STM32F7xx_HAL_Driver/Src/stm32f7xx_hal_gpio.o
                0x08003200                HAL_GPIO_Init
 .text.HAL_GPIO_WritePin
                0x08003538       0x32 ./Drivers/STM32F7xx_HAL_Driver/Src/stm32f7xx_hal_gpio.o
                0x08003538                HAL_GPIO_WritePin
 .text.HAL_HCD_Init
                0x0800356a       0xce ./Drivers/STM32F7xx_HAL_Driver/Src/stm32f7xx_hal_hcd.o
                0x0800356a                HAL_HCD_Init
 .text.HAL_HCD_HC_Init
                0x08003638      0x170 ./Drivers/STM32F7xx_HAL_Driver/Src/stm32f7xx_hal_hcd.o
                0x08003638                HAL_HCD_HC_Init
 .text.HAL_HCD_HC_SubmitRequest
                0x080037a8      0x33c ./Drivers/STM32F7xx_HAL_Driver/Src/stm32f7xx_hal_hcd.o
                0x080037a8                HAL_HCD_HC_SubmitRequest
 .text.HAL_HCD_IRQHandler
                0x08003ae4      0x220 ./Drivers/STM32F7xx_HAL_Driver/Src/stm32f7xx_hal_hcd.o
                0x08003ae4                HAL_HCD_IRQHandler
 .text.HAL_HCD_Start
                0x08003d04       0x46 ./Drivers/STM32F7xx_HAL_Driver/Src/stm32f7xx_hal_hcd.o
                0x08003d04                HAL_HCD_Start
 .text.HAL_HCD_Stop
                0x08003d4a       0x3a ./Drivers/STM32F7xx_HAL_Driver/Src/stm32f7xx_hal_hcd.o
                0x08003d4a                HAL_HCD_Stop
 .text.HAL_HCD_ResetPort
                0x08003d84       0x1c ./Drivers/STM32F7xx_HAL_Driver/Src/stm32f7xx_hal_hcd.o
                0x08003d84                HAL_HCD_ResetPort
 .text.HAL_HCD_HC_GetURBState
                0x08003da0       0x2a ./Drivers/STM32F7xx_HAL_Driver/Src/stm32f7xx_hal_hcd.o
                0x08003da0                HAL_HCD_HC_GetURBState
 .text.HAL_HCD_HC_GetXferCount
                0x08003dca       0x2a ./Drivers/STM32F7xx_HAL_Driver/Src/stm32f7xx_hal_hcd.o
                0x08003dca                HAL_HCD_HC_GetXferCount
 .text.HAL_HCD_GetCurrentFrame
                0x08003df4       0x1c ./Drivers/STM32F7xx_HAL_Driver/Src/stm32f7xx_hal_hcd.o
                0x08003df4                HAL_HCD_GetCurrentFrame
 .text.HAL_HCD_GetCurrentSpeed
                0x08003e10       0x1c ./Drivers/STM32F7xx_HAL_Driver/Src/stm32f7xx_hal_hcd.o
                0x08003e10                HAL_HCD_GetCurrentSpeed
 .text.HAL_HCD_HC_ClearHubInfo
                0x08003e2c       0x6a ./Drivers/STM32F7xx_HAL_Driver/Src/stm32f7xx_hal_hcd.o
                0x08003e2c                HAL_HCD_HC_ClearHubInfo
 .text.HCD_HC_IN_IRQHandler
                0x08003e96      0xcd2 ./Drivers/STM32F7xx_HAL_Driver/Src/stm32f7xx_hal_hcd.o
 .text.HCD_HC_OUT_IRQHandler
                0x08004b68      0x97e ./Drivers/STM32F7xx_HAL_Driver/Src/stm32f7xx_hal_hcd.o
 .text.HCD_RXQLVL_IRQHandler
                0x080054e6      0x1be ./Drivers/STM32F7xx_HAL_Driver/Src/stm32f7xx_hal_hcd.o
 .text.HCD_Port_IRQHandler
                0x080056a4       0xe6 ./Drivers/STM32F7xx_HAL_Driver/Src/stm32f7xx_hal_hcd.o
 *fill*         0x0800578a        0x2 
 .text.HAL_I2C_Init
                0x0800578c      0x138 ./Drivers/STM32F7xx_HAL_Driver/Src/stm32f7xx_hal_i2c.o
                0x0800578c                HAL_I2C_Init
 .text.HAL_I2CEx_ConfigAnalogFilter
                0x080058c4       0x96 ./Drivers/STM32F7xx_HAL_Driver/Src/stm32f7xx_hal_i2c_ex.o
                0x080058c4                HAL_I2CEx_ConfigAnalogFilter
 .text.HAL_I2CEx_ConfigDigitalFilter
                0x0800595a       0x98 ./Drivers/STM32F7xx_HAL_Driver/Src/stm32f7xx_hal_i2c_ex.o
                0x0800595a                HAL_I2CEx_ConfigDigitalFilter
 *fill*         0x080059f2        0x2 
 .text.HAL_PWR_EnableBkUpAccess
                0x080059f4       0x20 ./Drivers/STM32F7xx_HAL_Driver/Src/stm32f7xx_hal_pwr.o
                0x080059f4                HAL_PWR_EnableBkUpAccess
 .text.HAL_PWREx_EnableOverDrive
                0x08005a14       0xa0 ./Drivers/STM32F7xx_HAL_Driver/Src/stm32f7xx_hal_pwr_ex.o
                0x08005a14                HAL_PWREx_EnableOverDrive
 .text.HAL_QSPI_Init
                0x08005ab4       0xf8 ./Drivers/STM32F7xx_HAL_Driver/Src/stm32f7xx_hal_qspi.o
                0x08005ab4                HAL_QSPI_Init
 .text.HAL_QSPI_SetTimeout
                0x08005bac       0x1c ./Drivers/STM32F7xx_HAL_Driver/Src/stm32f7xx_hal_qspi.o
                0x08005bac                HAL_QSPI_SetTimeout
 .text.QSPI_WaitFlagStateUntilTimeout
                0x08005bc8       0x6e ./Drivers/STM32F7xx_HAL_Driver/Src/stm32f7xx_hal_qspi.o
 *fill*         0x08005c36        0x2 
 .text.HAL_RCC_OscConfig
                0x08005c38      0x548 ./Drivers/STM32F7xx_HAL_Driver/Src/stm32f7xx_hal_rcc.o
                0x08005c38                HAL_RCC_OscConfig
 .text.HAL_RCC_ClockConfig
                0x08006180      0x1d8 ./Drivers/STM32F7xx_HAL_Driver/Src/stm32f7xx_hal_rcc.o
                0x08006180                HAL_RCC_ClockConfig
 .text.HAL_RCC_GetSysClockFreq
                0x08006358      0x18c ./Drivers/STM32F7xx_HAL_Driver/Src/stm32f7xx_hal_rcc.o
                0x08006358                HAL_RCC_GetSysClockFreq
 .text.HAL_RCC_GetHCLKFreq
                0x080064e4       0x18 ./Drivers/STM32F7xx_HAL_Driver/Src/stm32f7xx_hal_rcc.o
                0x080064e4                HAL_RCC_GetHCLKFreq
 .text.HAL_RCC_GetPCLK1Freq
                0x080064fc       0x28 ./Drivers/STM32F7xx_HAL_Driver/Src/stm32f7xx_hal_rcc.o
                0x080064fc                HAL_RCC_GetPCLK1Freq
 .text.HAL_RCC_GetPCLK2Freq
                0x08006524       0x28 ./Drivers/STM32F7xx_HAL_Driver/Src/stm32f7xx_hal_rcc.o
                0x08006524                HAL_RCC_GetPCLK2Freq
 .text.HAL_RCC_GetClockConfig
                0x0800654c       0x64 ./Drivers/STM32F7xx_HAL_Driver/Src/stm32f7xx_hal_rcc.o
                0x0800654c                HAL_RCC_GetClockConfig
 .text.HAL_RCCEx_PeriphCLKConfig
                0x080065b0      0x694 ./Drivers/STM32F7xx_HAL_Driver/Src/stm32f7xx_hal_rcc_ex.o
                0x080065b0                HAL_RCCEx_PeriphCLKConfig
 .text.HAL_RCCEx_GetPeriphCLKFreq
                0x08006c44      0x280 ./Drivers/STM32F7xx_HAL_Driver/Src/stm32f7xx_hal_rcc_ex.o
                0x08006c44                HAL_RCCEx_GetPeriphCLKFreq
 .text.HAL_SAI_Init
                0x08006ec4      0x2fc ./Drivers/STM32F7xx_HAL_Driver/Src/stm32f7xx_hal_sai.o
                0x08006ec4                HAL_SAI_Init
 .text.SAI_Disable
                0x080071c0       0x70 ./Drivers/STM32F7xx_HAL_Driver/Src/stm32f7xx_hal_sai.o
 .text.HAL_SPI_Init
                0x08007230      0x156 ./Drivers/STM32F7xx_HAL_Driver/Src/stm32f7xx_hal_spi.o
                0x08007230                HAL_SPI_Init
 .text.HAL_SRAM_Init
                0x08007386       0x90 ./Drivers/STM32F7xx_HAL_Driver/Src/stm32f7xx_hal_sram.o
                0x08007386                HAL_SRAM_Init
 .text.HAL_TIM_Base_Init
                0x08007416       0xae ./Drivers/STM32F7xx_HAL_Driver/Src/stm32f7xx_hal_tim.o
                0x08007416                HAL_TIM_Base_Init
 .text.HAL_TIM_Base_Start_IT
                0x080074c4       0xf0 ./Drivers/STM32F7xx_HAL_Driver/Src/stm32f7xx_hal_tim.o
                0x080074c4                HAL_TIM_Base_Start_IT
 .text.HAL_TIM_PWM_Init
                0x080075b4       0xae ./Drivers/STM32F7xx_HAL_Driver/Src/stm32f7xx_hal_tim.o
                0x080075b4                HAL_TIM_PWM_Init
 .text.HAL_TIM_IRQHandler
                0x08007662      0x20e ./Drivers/STM32F7xx_HAL_Driver/Src/stm32f7xx_hal_tim.o
                0x08007662                HAL_TIM_IRQHandler
 .text.HAL_TIM_PWM_ConfigChannel
                0x08007870      0x228 ./Drivers/STM32F7xx_HAL_Driver/Src/stm32f7xx_hal_tim.o
                0x08007870                HAL_TIM_PWM_ConfigChannel
 .text.HAL_TIM_ConfigClockSource
                0x08007a98      0x194 ./Drivers/STM32F7xx_HAL_Driver/Src/stm32f7xx_hal_tim.o
                0x08007a98                HAL_TIM_ConfigClockSource
 .text.HAL_TIM_OC_DelayElapsedCallback
                0x08007c2c       0x14 ./Drivers/STM32F7xx_HAL_Driver/Src/stm32f7xx_hal_tim.o
                0x08007c2c                HAL_TIM_OC_DelayElapsedCallback
 .text.HAL_TIM_IC_CaptureCallback
                0x08007c40       0x14 ./Drivers/STM32F7xx_HAL_Driver/Src/stm32f7xx_hal_tim.o
                0x08007c40                HAL_TIM_IC_CaptureCallback
 .text.HAL_TIM_PWM_PulseFinishedCallback
                0x08007c54       0x14 ./Drivers/STM32F7xx_HAL_Driver/Src/stm32f7xx_hal_tim.o
                0x08007c54                HAL_TIM_PWM_PulseFinishedCallback
 .text.HAL_TIM_TriggerCallback
                0x08007c68       0x14 ./Drivers/STM32F7xx_HAL_Driver/Src/stm32f7xx_hal_tim.o
                0x08007c68                HAL_TIM_TriggerCallback
 .text.TIM_Base_SetConfig
                0x08007c7c      0x14c ./Drivers/STM32F7xx_HAL_Driver/Src/stm32f7xx_hal_tim.o
                0x08007c7c                TIM_Base_SetConfig
 .text.TIM_OC1_SetConfig
                0x08007dc8       0xe4 ./Drivers/STM32F7xx_HAL_Driver/Src/stm32f7xx_hal_tim.o
 .text.TIM_OC2_SetConfig
                0x08007eac       0xf0 ./Drivers/STM32F7xx_HAL_Driver/Src/stm32f7xx_hal_tim.o
                0x08007eac                TIM_OC2_SetConfig
 .text.TIM_OC3_SetConfig
                0x08007f9c       0xec ./Drivers/STM32F7xx_HAL_Driver/Src/stm32f7xx_hal_tim.o
 .text.TIM_OC4_SetConfig
                0x08008088       0xb0 ./Drivers/STM32F7xx_HAL_Driver/Src/stm32f7xx_hal_tim.o
 .text.TIM_OC5_SetConfig
                0x08008138       0xa4 ./Drivers/STM32F7xx_HAL_Driver/Src/stm32f7xx_hal_tim.o
 .text.TIM_OC6_SetConfig
                0x080081dc       0xa8 ./Drivers/STM32F7xx_HAL_Driver/Src/stm32f7xx_hal_tim.o
 .text.TIM_TI1_ConfigInputStage
                0x08008284       0x5e ./Drivers/STM32F7xx_HAL_Driver/Src/stm32f7xx_hal_tim.o
 .text.TIM_TI2_ConfigInputStage
                0x080082e2       0x60 ./Drivers/STM32F7xx_HAL_Driver/Src/stm32f7xx_hal_tim.o
 .text.TIM_ITRx_SetConfig
                0x08008342       0x36 ./Drivers/STM32F7xx_HAL_Driver/Src/stm32f7xx_hal_tim.o
 .text.TIM_ETR_SetConfig
                0x08008378       0x40 ./Drivers/STM32F7xx_HAL_Driver/Src/stm32f7xx_hal_tim.o
                0x08008378                TIM_ETR_SetConfig
 .text.HAL_TIMEx_MasterConfigSynchronization
                0x080083b8      0x11c ./Drivers/STM32F7xx_HAL_Driver/Src/stm32f7xx_hal_tim_ex.o
                0x080083b8                HAL_TIMEx_MasterConfigSynchronization
 .text.HAL_TIMEx_CommutCallback
                0x080084d4       0x14 ./Drivers/STM32F7xx_HAL_Driver/Src/stm32f7xx_hal_tim_ex.o
                0x080084d4                HAL_TIMEx_CommutCallback
 .text.HAL_TIMEx_BreakCallback
                0x080084e8       0x14 ./Drivers/STM32F7xx_HAL_Driver/Src/stm32f7xx_hal_tim_ex.o
                0x080084e8                HAL_TIMEx_BreakCallback
 .text.HAL_TIMEx_Break2Callback
                0x080084fc       0x14 ./Drivers/STM32F7xx_HAL_Driver/Src/stm32f7xx_hal_tim_ex.o
                0x080084fc                HAL_TIMEx_Break2Callback
 .text.HAL_UART_Init
                0x08008510       0x9c ./Drivers/STM32F7xx_HAL_Driver/Src/stm32f7xx_hal_uart.o
                0x08008510                HAL_UART_Init
 .text.HAL_UART_Transmit_IT
                0x080085ac       0xbc ./Drivers/STM32F7xx_HAL_Driver/Src/stm32f7xx_hal_uart.o
                0x080085ac                HAL_UART_Transmit_IT
 .text.HAL_UART_IRQHandler
                0x08008668      0x5d8 ./Drivers/STM32F7xx_HAL_Driver/Src/stm32f7xx_hal_uart.o
                0x08008668                HAL_UART_IRQHandler
 .text.HAL_UART_TxCpltCallback
                0x08008c40       0x14 ./Drivers/STM32F7xx_HAL_Driver/Src/stm32f7xx_hal_uart.o
                0x08008c40                HAL_UART_TxCpltCallback
 .text.HAL_UART_ErrorCallback
                0x08008c54       0x14 ./Drivers/STM32F7xx_HAL_Driver/Src/stm32f7xx_hal_uart.o
                0x08008c54                HAL_UART_ErrorCallback
 .text.HAL_UARTEx_RxEventCallback
                0x08008c68       0x18 ./Drivers/STM32F7xx_HAL_Driver/Src/stm32f7xx_hal_uart.o
                0x08008c68                HAL_UARTEx_RxEventCallback
 .text.UART_SetConfig
                0x08008c80      0x4c8 ./Drivers/STM32F7xx_HAL_Driver/Src/stm32f7xx_hal_uart.o
                0x08008c80                UART_SetConfig
 .text.UART_AdvFeatureConfig
                0x08009148      0x144 ./Drivers/STM32F7xx_HAL_Driver/Src/stm32f7xx_hal_uart.o
                0x08009148                UART_AdvFeatureConfig
 .text.UART_CheckIdleState
                0x0800928c       0xae ./Drivers/STM32F7xx_HAL_Driver/Src/stm32f7xx_hal_uart.o
                0x0800928c                UART_CheckIdleState
 .text.UART_WaitOnFlagUntilTimeout
                0x0800933a       0xda ./Drivers/STM32F7xx_HAL_Driver/Src/stm32f7xx_hal_uart.o
                0x0800933a                UART_WaitOnFlagUntilTimeout
 .text.UART_EndRxTransfer
                0x08009414       0xc8 ./Drivers/STM32F7xx_HAL_Driver/Src/stm32f7xx_hal_uart.o
 .text.UART_DMAAbortOnError
                0x080094dc       0x24 ./Drivers/STM32F7xx_HAL_Driver/Src/stm32f7xx_hal_uart.o
 .text.UART_TxISR_8BIT
                0x08009500       0xb6 ./Drivers/STM32F7xx_HAL_Driver/Src/stm32f7xx_hal_uart.o
 .text.UART_TxISR_16BIT
                0x080095b6       0xc0 ./Drivers/STM32F7xx_HAL_Driver/Src/stm32f7xx_hal_uart.o
 .text.UART_EndTransmit_IT
                0x08009676       0x54 ./Drivers/STM32F7xx_HAL_Driver/Src/stm32f7xx_hal_uart.o
 *fill*         0x080096ca        0x2 
 .text.FMC_NORSRAM_Init
                0x080096cc      0x120 ./Drivers/STM32F7xx_HAL_Driver/Src/stm32f7xx_ll_fmc.o
                0x080096cc                FMC_NORSRAM_Init
 .text.FMC_NORSRAM_Timing_Init
                0x080097ec       0x92 ./Drivers/STM32F7xx_HAL_Driver/Src/stm32f7xx_ll_fmc.o
                0x080097ec                FMC_NORSRAM_Timing_Init
 *fill*         0x0800987e        0x2 
 .text.FMC_NORSRAM_Extended_Timing_Init
                0x08009880       0x70 ./Drivers/STM32F7xx_HAL_Driver/Src/stm32f7xx_ll_fmc.o
                0x08009880                FMC_NORSRAM_Extended_Timing_Init
 .text.USB_CoreInit
                0x080098f0      0x134 ./Drivers/STM32F7xx_HAL_Driver/Src/stm32f7xx_ll_usb.o
                0x080098f0                USB_CoreInit
 .text.USB_EnableGlobalInt
                0x08009a24       0x22 ./Drivers/STM32F7xx_HAL_Driver/Src/stm32f7xx_ll_usb.o
                0x08009a24                USB_EnableGlobalInt
 .text.USB_DisableGlobalInt
                0x08009a46       0x22 ./Drivers/STM32F7xx_HAL_Driver/Src/stm32f7xx_ll_usb.o
                0x08009a46                USB_DisableGlobalInt
 .text.USB_SetCurrentMode
                0x08009a68       0x98 ./Drivers/STM32F7xx_HAL_Driver/Src/stm32f7xx_ll_usb.o
                0x08009a68                USB_SetCurrentMode
 .text.USB_FlushTxFifo
                0x08009b00       0x64 ./Drivers/STM32F7xx_HAL_Driver/Src/stm32f7xx_ll_usb.o
                0x08009b00                USB_FlushTxFifo
 .text.USB_FlushRxFifo
                0x08009b64       0x5c ./Drivers/STM32F7xx_HAL_Driver/Src/stm32f7xx_ll_usb.o
                0x08009b64                USB_FlushRxFifo
 .text.USB_WritePacket
                0x08009bc0       0x7c ./Drivers/STM32F7xx_HAL_Driver/Src/stm32f7xx_ll_usb.o
                0x08009bc0                USB_WritePacket
 .text.USB_ReadPacket
                0x08009c3c       0xb0 ./Drivers/STM32F7xx_HAL_Driver/Src/stm32f7xx_ll_usb.o
                0x08009c3c                USB_ReadPacket
 .text.USB_ReadInterrupts
                0x08009cec       0x26 ./Drivers/STM32F7xx_HAL_Driver/Src/stm32f7xx_ll_usb.o
                0x08009cec                USB_ReadInterrupts
 .text.USB_ReadChInterrupts
                0x08009d12       0x42 ./Drivers/STM32F7xx_HAL_Driver/Src/stm32f7xx_ll_usb.o
                0x08009d12                USB_ReadChInterrupts
 .text.USB_GetMode
                0x08009d54       0x1c ./Drivers/STM32F7xx_HAL_Driver/Src/stm32f7xx_ll_usb.o
                0x08009d54                USB_GetMode
 .text.USB_CoreReset
                0x08009d70       0x70 ./Drivers/STM32F7xx_HAL_Driver/Src/stm32f7xx_ll_usb.o
 .text.USB_HS_PHYCInit
                0x08009de0       0x6c ./Drivers/STM32F7xx_HAL_Driver/Src/stm32f7xx_ll_usb.o
 .text.USB_HostInit
                0x08009e4c      0x170 ./Drivers/STM32F7xx_HAL_Driver/Src/stm32f7xx_ll_usb.o
                0x08009e4c                USB_HostInit
 .text.USB_InitFSLSPClkSel
                0x08009fbc       0x7a ./Drivers/STM32F7xx_HAL_Driver/Src/stm32f7xx_ll_usb.o
                0x08009fbc                USB_InitFSLSPClkSel
 .text.USB_ResetPort
                0x0800a036       0x54 ./Drivers/STM32F7xx_HAL_Driver/Src/stm32f7xx_ll_usb.o
                0x0800a036                USB_ResetPort
 .text.USB_DriveVbus
                0x0800a08a       0x72 ./Drivers/STM32F7xx_HAL_Driver/Src/stm32f7xx_ll_usb.o
                0x0800a08a                USB_DriveVbus
 .text.USB_GetHostSpeed
                0x0800a0fc       0x2e ./Drivers/STM32F7xx_HAL_Driver/Src/stm32f7xx_ll_usb.o
                0x0800a0fc                USB_GetHostSpeed
 .text.USB_GetCurrentFrame
                0x0800a12a       0x22 ./Drivers/STM32F7xx_HAL_Driver/Src/stm32f7xx_ll_usb.o
                0x0800a12a                USB_GetCurrentFrame
 .text.USB_HC_Init
                0x0800a14c      0x258 ./Drivers/STM32F7xx_HAL_Driver/Src/stm32f7xx_ll_usb.o
                0x0800a14c                USB_HC_Init
 .text.USB_HC_StartXfer
                0x0800a3a4      0x4f4 ./Drivers/STM32F7xx_HAL_Driver/Src/stm32f7xx_ll_usb.o
                0x0800a3a4                USB_HC_StartXfer
 .text.USB_HC_ReadInterrupt
                0x0800a898       0x22 ./Drivers/STM32F7xx_HAL_Driver/Src/stm32f7xx_ll_usb.o
                0x0800a898                USB_HC_ReadInterrupt
 .text.USB_HC_Halt
                0x0800a8ba      0x240 ./Drivers/STM32F7xx_HAL_Driver/Src/stm32f7xx_ll_usb.o
                0x0800a8ba                USB_HC_Halt
 *fill*         0x0800aafa        0x2 
 .text.USB_DoPing
                0x0800aafc       0x78 ./Drivers/STM32F7xx_HAL_Driver/Src/stm32f7xx_ll_usb.o
                0x0800aafc                USB_DoPing
 .text.USB_StopHost
                0x0800ab74      0x124 ./Drivers/STM32F7xx_HAL_Driver/Src/stm32f7xx_ll_usb.o
                0x0800ab74                USB_StopHost
 .text.USBH_AUDIO_InterfaceInit
                0x0800ac98      0x37e ./Middlewares/ST/STM32_USB_Host_Library/Class/AUDIO/Src/usbh_audio.o
 .text.USBH_AUDIO_InterfaceDeInit
                0x0800b016       0xca ./Middlewares/ST/STM32_USB_Host_Library/Class/AUDIO/Src/usbh_audio.o
 .text.USBH_AUDIO_ClassRequest
                0x0800b0e0      0x1c4 ./Middlewares/ST/STM32_USB_Host_Library/Class/AUDIO/Src/usbh_audio.o
 .text.USBH_AUDIO_CSRequest
                0x0800b2a4      0x1a0 ./Middlewares/ST/STM32_USB_Host_Library/Class/AUDIO/Src/usbh_audio.o
 .text.USBH_AUDIO_HandleCSRequest
                0x0800b444       0x7c ./Middlewares/ST/STM32_USB_Host_Library/Class/AUDIO/Src/usbh_audio.o
 .text.USBH_AUDIO_Process
                0x0800b4c0       0x40 ./Middlewares/ST/STM32_USB_Host_Library/Class/AUDIO/Src/usbh_audio.o
 .text.USBH_AUDIO_SOFProcess
                0x0800b500       0x16 ./Middlewares/ST/STM32_USB_Host_Library/Class/AUDIO/Src/usbh_audio.o
 .text.USBH_AUDIO_FindAudioStreamingIN
                0x0800b516      0x17e ./Middlewares/ST/STM32_USB_Host_Library/Class/AUDIO/Src/usbh_audio.o
 .text.USBH_AUDIO_FindAudioStreamingOUT
                0x0800b694      0x17e ./Middlewares/ST/STM32_USB_Host_Library/Class/AUDIO/Src/usbh_audio.o
 .text.USBH_AUDIO_FindHIDControl
                0x0800b812      0x104 ./Middlewares/ST/STM32_USB_Host_Library/Class/AUDIO/Src/usbh_audio.o
 .text.USBH_AUDIO_ParseCSDescriptors
                0x0800b916       0xda ./Middlewares/ST/STM32_USB_Host_Library/Class/AUDIO/Src/usbh_audio.o
 .text.ParseCSDescriptors
                0x0800b9f0      0x134 ./Middlewares/ST/STM32_USB_Host_Library/Class/AUDIO/Src/usbh_audio.o
 .text.USBH_AUDIO_FindLinkedUnit
                0x0800bb24      0x168 ./Middlewares/ST/STM32_USB_Host_Library/Class/AUDIO/Src/usbh_audio.o
 .text.USBH_AUDIO_BuildMicrophonePath
                0x0800bc8c      0x110 ./Middlewares/ST/STM32_USB_Host_Library/Class/AUDIO/Src/usbh_audio.o
 .text.USBH_AUDIO_BuildHeadphonePath
                0x0800bd9c      0x184 ./Middlewares/ST/STM32_USB_Host_Library/Class/AUDIO/Src/usbh_audio.o
 .text.USBH_AC_SetCur
                0x0800bf20       0xf4 ./Middlewares/ST/STM32_USB_Host_Library/Class/AUDIO/Src/usbh_audio.o
 .text.USBH_AC_GetCur
                0x0800c014      0x12e ./Middlewares/ST/STM32_USB_Host_Library/Class/AUDIO/Src/usbh_audio.o
 .text.USBH_AC_GetMax
                0x0800c142      0x12e ./Middlewares/ST/STM32_USB_Host_Library/Class/AUDIO/Src/usbh_audio.o
 .text.USBH_AC_GetRes
                0x0800c270      0x12e ./Middlewares/ST/STM32_USB_Host_Library/Class/AUDIO/Src/usbh_audio.o
 .text.USBH_AC_GetMin
                0x0800c39e      0x12e ./Middlewares/ST/STM32_USB_Host_Library/Class/AUDIO/Src/usbh_audio.o
 .text.USBH_AUDIO_SetEndpointControls
                0x0800c4cc       0x50 ./Middlewares/ST/STM32_USB_Host_Library/Class/AUDIO/Src/usbh_audio.o
 .text.USBH_AUDIO_InputStream
                0x0800c51c       0x1a ./Middlewares/ST/STM32_USB_Host_Library/Class/AUDIO/Src/usbh_audio.o
 *fill*         0x0800c536        0x2 
 .text.USBH_AUDIO_Control
                0x0800c538      0x168 ./Middlewares/ST/STM32_USB_Host_Library/Class/AUDIO/Src/usbh_audio.o
 .text.USBH_AUDIO_OutputStream
                0x0800c6a0       0xf0 ./Middlewares/ST/STM32_USB_Host_Library/Class/AUDIO/Src/usbh_audio.o
 .text.USBH_AUDIO_Transmit
                0x0800c790      0x168 ./Middlewares/ST/STM32_USB_Host_Library/Class/AUDIO/Src/usbh_audio.o
 .text.USBH_AUDIO_SetControlAttribute
                0x0800c8f8       0xf8 ./Middlewares/ST/STM32_USB_Host_Library/Class/AUDIO/Src/usbh_audio.o
 .text.AUDIO_SetVolume
                0x0800c9f0       0x52 ./Middlewares/ST/STM32_USB_Host_Library/Class/AUDIO/Src/usbh_audio.o
 .text.USBH_AUDIO_FrequencySet
                0x0800ca42       0x14 ./Middlewares/ST/STM32_USB_Host_Library/Class/AUDIO/Src/usbh_audio.o
                0x0800ca42                USBH_AUDIO_FrequencySet
 .text.USBH_AUDIO_BufferEmptyCallback
                0x0800ca56       0x14 ./Middlewares/ST/STM32_USB_Host_Library/Class/AUDIO/Src/usbh_audio.o
                0x0800ca56                USBH_AUDIO_BufferEmptyCallback
 .text.USBH_MSC_InterfaceInit
                0x0800ca6a      0x244 ./Middlewares/ST/STM32_USB_Host_Library/Class/MSC/Src/usbh_msc.o
 .text.USBH_MSC_InterfaceDeInit
                0x0800ccae       0x8c ./Middlewares/ST/STM32_USB_Host_Library/Class/MSC/Src/usbh_msc.o
 .text.USBH_MSC_ClassRequest
                0x0800cd3a       0xce ./Middlewares/ST/STM32_USB_Host_Library/Class/MSC/Src/usbh_msc.o
 .text.USBH_MSC_Process
                0x0800ce08      0x5ac ./Middlewares/ST/STM32_USB_Host_Library/Class/MSC/Src/usbh_msc.o
 .text.USBH_MSC_SOFProcess
                0x0800d3b4       0x16 ./Middlewares/ST/STM32_USB_Host_Library/Class/MSC/Src/usbh_msc.o
 .text.USBH_MSC_BOT_REQ_Reset
                0x0800d3ca       0x3a ./Middlewares/ST/STM32_USB_Host_Library/Class/MSC/Src/usbh_msc_bot.o
                0x0800d3ca                USBH_MSC_BOT_REQ_Reset
 .text.USBH_MSC_BOT_REQ_GetMaxLUN
                0x0800d404       0x3c ./Middlewares/ST/STM32_USB_Host_Library/Class/MSC/Src/usbh_msc_bot.o
                0x0800d404                USBH_MSC_BOT_REQ_GetMaxLUN
 .text.USBH_MSC_BOT_Init
                0x0800d440       0x44 ./Middlewares/ST/STM32_USB_Host_Library/Class/MSC/Src/usbh_msc_bot.o
                0x0800d440                USBH_MSC_BOT_Init
 .text.USBH_MSC_BOT_Process
                0x0800d484      0x39c ./Middlewares/ST/STM32_USB_Host_Library/Class/MSC/Src/usbh_msc_bot.o
                0x0800d484                USBH_MSC_BOT_Process
 .text.USBH_MSC_BOT_Abort
                0x0800d820       0x58 ./Middlewares/ST/STM32_USB_Host_Library/Class/MSC/Src/usbh_msc_bot.o
 .text.USBH_MSC_DecodeCSW
                0x0800d878       0x88 ./Middlewares/ST/STM32_USB_Host_Library/Class/MSC/Src/usbh_msc_bot.o
 .text.USBH_MSC_SCSI_TestUnitReady
                0x0800d900       0x86 ./Middlewares/ST/STM32_USB_Host_Library/Class/MSC/Src/usbh_msc_scsi.o
                0x0800d900                USBH_MSC_SCSI_TestUnitReady
 .text.USBH_MSC_SCSI_ReadCapacity
                0x0800d986       0xf4 ./Middlewares/ST/STM32_USB_Host_Library/Class/MSC/Src/usbh_msc_scsi.o
                0x0800d986                USBH_MSC_SCSI_ReadCapacity
 .text.USBH_MSC_SCSI_Inquiry
                0x0800da7a      0x14a ./Middlewares/ST/STM32_USB_Host_Library/Class/MSC/Src/usbh_msc_scsi.o
                0x0800da7a                USBH_MSC_SCSI_Inquiry
 .text.USBH_MSC_SCSI_RequestSense
                0x0800dbc4       0xfe ./Middlewares/ST/STM32_USB_Host_Library/Class/MSC/Src/usbh_msc_scsi.o
                0x0800dbc4                USBH_MSC_SCSI_RequestSense
 .text.USBH_Init
                0x0800dcc2       0x74 ./Middlewares/ST/STM32_USB_Host_Library/Core/Src/usbh_core.o
                0x0800dcc2                USBH_Init
 .text.DeInitStateMachine
                0x0800dd36       0xe6 ./Middlewares/ST/STM32_USB_Host_Library/Core/Src/usbh_core.o
 .text.USBH_RegisterClass
                0x0800de1c       0x56 ./Middlewares/ST/STM32_USB_Host_Library/Core/Src/usbh_core.o
                0x0800de1c                USBH_RegisterClass
 .text.USBH_SelectInterface
                0x0800de72       0x38 ./Middlewares/ST/STM32_USB_Host_Library/Core/Src/usbh_core.o
                0x0800de72                USBH_SelectInterface
 .text.USBH_FindInterface
                0x0800deaa       0x8c ./Middlewares/ST/STM32_USB_Host_Library/Core/Src/usbh_core.o
                0x0800deaa                USBH_FindInterface
 .text.USBH_FindInterfaceIndex
                0x0800df36       0x66 ./Middlewares/ST/STM32_USB_Host_Library/Core/Src/usbh_core.o
                0x0800df36                USBH_FindInterfaceIndex
 .text.USBH_Start
                0x0800df9c       0x20 ./Middlewares/ST/STM32_USB_Host_Library/Core/Src/usbh_core.o
                0x0800df9c                USBH_Start
 .text.USBH_Process
                0x0800dfbc      0x3d8 ./Middlewares/ST/STM32_USB_Host_Library/Core/Src/usbh_core.o
                0x0800dfbc                USBH_Process
 .text.USBH_HandleEnum
                0x0800e394      0x3c0 ./Middlewares/ST/STM32_USB_Host_Library/Core/Src/usbh_core.o
 .text.USBH_LL_SetTimer
                0x0800e754       0x1e ./Middlewares/ST/STM32_USB_Host_Library/Core/Src/usbh_core.o
                0x0800e754                USBH_LL_SetTimer
 .text.USBH_LL_IncTimer
                0x0800e772       0x24 ./Middlewares/ST/STM32_USB_Host_Library/Core/Src/usbh_core.o
                0x0800e772                USBH_LL_IncTimer
 .text.USBH_HandleSof
                0x0800e796       0x30 ./Middlewares/ST/STM32_USB_Host_Library/Core/Src/usbh_core.o
 .text.USBH_LL_PortEnabled
                0x0800e7c6       0x1c ./Middlewares/ST/STM32_USB_Host_Library/Core/Src/usbh_core.o
                0x0800e7c6                USBH_LL_PortEnabled
 .text.USBH_LL_PortDisabled
                0x0800e7e2       0x24 ./Middlewares/ST/STM32_USB_Host_Library/Core/Src/usbh_core.o
                0x0800e7e2                USBH_LL_PortDisabled
 .text.USBH_LL_Connect
                0x0800e806       0x2e ./Middlewares/ST/STM32_USB_Host_Library/Core/Src/usbh_core.o
                0x0800e806                USBH_LL_Connect
 .text.USBH_LL_Disconnect
                0x0800e834       0x48 ./Middlewares/ST/STM32_USB_Host_Library/Core/Src/usbh_core.o
                0x0800e834                USBH_LL_Disconnect
 .text.USBH_Get_DevDesc
                0x0800e87c       0x58 ./Middlewares/ST/STM32_USB_Host_Library/Core/Src/usbh_ctlreq.o
                0x0800e87c                USBH_Get_DevDesc
 .text.USBH_Get_CfgDesc
                0x0800e8d4       0x54 ./Middlewares/ST/STM32_USB_Host_Library/Core/Src/usbh_ctlreq.o
                0x0800e8d4                USBH_Get_CfgDesc
 .text.USBH_Get_StringDesc
                0x0800e928       0x68 ./Middlewares/ST/STM32_USB_Host_Library/Core/Src/usbh_ctlreq.o
                0x0800e928                USBH_Get_StringDesc
 .text.USBH_GetDescriptor
                0x0800e990       0x6a ./Middlewares/ST/STM32_USB_Host_Library/Core/Src/usbh_ctlreq.o
                0x0800e990                USBH_GetDescriptor
 .text.USBH_SetAddress
                0x0800e9fa       0x48 ./Middlewares/ST/STM32_USB_Host_Library/Core/Src/usbh_ctlreq.o
                0x0800e9fa                USBH_SetAddress
 .text.USBH_SetCfg
                0x0800ea42       0x46 ./Middlewares/ST/STM32_USB_Host_Library/Core/Src/usbh_ctlreq.o
                0x0800ea42                USBH_SetCfg
 .text.USBH_SetInterface
                0x0800ea88       0x4e ./Middlewares/ST/STM32_USB_Host_Library/Core/Src/usbh_ctlreq.o
                0x0800ea88                USBH_SetInterface
 .text.USBH_SetFeature
                0x0800ead6       0x48 ./Middlewares/ST/STM32_USB_Host_Library/Core/Src/usbh_ctlreq.o
                0x0800ead6                USBH_SetFeature
 .text.USBH_ClrFeature
                0x0800eb1e       0x48 ./Middlewares/ST/STM32_USB_Host_Library/Core/Src/usbh_ctlreq.o
                0x0800eb1e                USBH_ClrFeature
 *fill*         0x0800eb66        0x2 
 .text.USBH_ParseDevDesc
                0x0800eb68      0x160 ./Middlewares/ST/STM32_USB_Host_Library/Core/Src/usbh_ctlreq.o
 .text.USBH_ParseCfgDesc
                0x0800ecc8      0x1f8 ./Middlewares/ST/STM32_USB_Host_Library/Core/Src/usbh_ctlreq.o
 .text.USBH_ParseInterfaceDesc
                0x0800eec0       0x5e ./Middlewares/ST/STM32_USB_Host_Library/Core/Src/usbh_ctlreq.o
 .text.USBH_ParseEPDesc
                0x0800ef1e      0x1d0 ./Middlewares/ST/STM32_USB_Host_Library/Core/Src/usbh_ctlreq.o
 .text.USBH_ParseStringDesc
                0x0800f0ee       0x66 ./Middlewares/ST/STM32_USB_Host_Library/Core/Src/usbh_ctlreq.o
 .text.USBH_GetNextDesc
                0x0800f154       0x34 ./Middlewares/ST/STM32_USB_Host_Library/Core/Src/usbh_ctlreq.o
                0x0800f154                USBH_GetNextDesc
 .text.USBH_CtlReq
                0x0800f188       0x7a ./Middlewares/ST/STM32_USB_Host_Library/Core/Src/usbh_ctlreq.o
                0x0800f188                USBH_CtlReq
 *fill*         0x0800f202        0x2 
 .text.USBH_HandleControl
                0x0800f204      0x2ec ./Middlewares/ST/STM32_USB_Host_Library/Core/Src/usbh_ctlreq.o
 .text.USBH_CtlSendSetup
                0x0800f4f0       0x34 ./Middlewares/ST/STM32_USB_Host_Library/Core/Src/usbh_ioreq.o
                0x0800f4f0                USBH_CtlSendSetup
 .text.USBH_CtlSendData
                0x0800f524       0x4a ./Middlewares/ST/STM32_USB_Host_Library/Core/Src/usbh_ioreq.o
                0x0800f524                USBH_CtlSendData
 .text.USBH_CtlReceiveData
                0x0800f56e       0x3c ./Middlewares/ST/STM32_USB_Host_Library/Core/Src/usbh_ioreq.o
                0x0800f56e                USBH_CtlReceiveData
 .text.USBH_BulkSendData
                0x0800f5aa       0x4a ./Middlewares/ST/STM32_USB_Host_Library/Core/Src/usbh_ioreq.o
                0x0800f5aa                USBH_BulkSendData
 .text.USBH_BulkReceiveData
                0x0800f5f4       0x3c ./Middlewares/ST/STM32_USB_Host_Library/Core/Src/usbh_ioreq.o
                0x0800f5f4                USBH_BulkReceiveData
 .text.USBH_InterruptReceiveData
                0x0800f630       0x3e ./Middlewares/ST/STM32_USB_Host_Library/Core/Src/usbh_ioreq.o
                0x0800f630                USBH_InterruptReceiveData
 .text.USBH_IsocSendData
                0x0800f66e       0x36 ./Middlewares/ST/STM32_USB_Host_Library/Core/Src/usbh_ioreq.o
                0x0800f66e                USBH_IsocSendData
 .text.USBH_OpenPipe
                0x0800f6a4       0x3e ./Middlewares/ST/STM32_USB_Host_Library/Core/Src/usbh_pipes.o
                0x0800f6a4                USBH_OpenPipe
 .text.USBH_ClosePipe
                0x0800f6e2       0x20 ./Middlewares/ST/STM32_USB_Host_Library/Core/Src/usbh_pipes.o
                0x0800f6e2                USBH_ClosePipe
 .text.USBH_AllocPipe
                0x0800f702       0x44 ./Middlewares/ST/STM32_USB_Host_Library/Core/Src/usbh_pipes.o
                0x0800f702                USBH_AllocPipe
 .text.USBH_FreePipe
                0x0800f746       0x40 ./Middlewares/ST/STM32_USB_Host_Library/Core/Src/usbh_pipes.o
                0x0800f746                USBH_FreePipe
 .text.USBH_GetFreePipe
                0x0800f786       0x4a ./Middlewares/ST/STM32_USB_Host_Library/Core/Src/usbh_pipes.o
 .text.MX_USB_HOST_Init
                0x0800f7d0       0x8c ./USB_HOST/App/usb_host.o
                0x0800f7d0                MX_USB_HOST_Init
 .text.MX_USB_HOST_Process
                0x0800f85c       0x1c ./USB_HOST/App/usb_host.o
                0x0800f85c                MX_USB_HOST_Process
 .text.USBH_UserProcess1
                0x0800f878       0x5c ./USB_HOST/App/usb_host.o
 .text.USBH_UserProcess2
                0x0800f8d4       0x5c ./USB_HOST/App/usb_host.o
 .text.HAL_HCD_MspInit
                0x0800f930      0x1d4 ./USB_HOST/Target/usbh_conf.o
                0x0800f930                HAL_HCD_MspInit
 .text.HAL_HCD_SOF_Callback
                0x0800fb04       0x1c ./USB_HOST/Target/usbh_conf.o
                0x0800fb04                HAL_HCD_SOF_Callback
 .text.HAL_HCD_Connect_Callback
                0x0800fb20       0x1c ./USB_HOST/Target/usbh_conf.o
                0x0800fb20                HAL_HCD_Connect_Callback
 .text.HAL_HCD_Disconnect_Callback
                0x0800fb3c       0x1c ./USB_HOST/Target/usbh_conf.o
                0x0800fb3c                HAL_HCD_Disconnect_Callback
 .text.HAL_HCD_HC_NotifyURBChange_Callback
                0x0800fb58       0x1c ./USB_HOST/Target/usbh_conf.o
                0x0800fb58                HAL_HCD_HC_NotifyURBChange_Callback
 .text.HAL_HCD_PortEnabled_Callback
                0x0800fb74       0x1c ./USB_HOST/Target/usbh_conf.o
                0x0800fb74                HAL_HCD_PortEnabled_Callback
 .text.HAL_HCD_PortDisabled_Callback
                0x0800fb90       0x1c ./USB_HOST/Target/usbh_conf.o
                0x0800fb90                HAL_HCD_PortDisabled_Callback
 .text.USBH_LL_Init
                0x0800fbac       0xf4 ./USB_HOST/Target/usbh_conf.o
                0x0800fbac                USBH_LL_Init
 .text.USBH_LL_Start
                0x0800fca0       0x36 ./USB_HOST/Target/usbh_conf.o
                0x0800fca0                USBH_LL_Start
 .text.USBH_LL_Stop
                0x0800fcd6       0x36 ./USB_HOST/Target/usbh_conf.o
                0x0800fcd6                USBH_LL_Stop
 .text.USBH_LL_GetSpeed
                0x0800fd0c       0x4e ./USB_HOST/Target/usbh_conf.o
                0x0800fd0c                USBH_LL_GetSpeed
 .text.USBH_LL_ResetPort
                0x0800fd5a       0x36 ./USB_HOST/Target/usbh_conf.o
                0x0800fd5a                USBH_LL_ResetPort
 .text.USBH_LL_GetLastXferSize
                0x0800fd90       0x26 ./USB_HOST/Target/usbh_conf.o
                0x0800fd90                USBH_LL_GetLastXferSize
 .text.USBH_LL_OpenPipe
                0x0800fdb6       0x5e ./USB_HOST/Target/usbh_conf.o
                0x0800fdb6                USBH_LL_OpenPipe
 .text.USBH_LL_ClosePipe
                0x0800fe14       0x1a ./USB_HOST/Target/usbh_conf.o
                0x0800fe14                USBH_LL_ClosePipe
 .text.USBH_LL_SubmitURB
                0x0800fe2e       0x62 ./USB_HOST/Target/usbh_conf.o
                0x0800fe2e                USBH_LL_SubmitURB
 .text.USBH_LL_GetURBState
                0x0800fe90       0x26 ./USB_HOST/Target/usbh_conf.o
                0x0800fe90                USBH_LL_GetURBState
 .text.USBH_LL_DriverVBUS
                0x0800feb6       0x40 ./USB_HOST/Target/usbh_conf.o
                0x0800feb6                USBH_LL_DriverVBUS
 .text.USBH_LL_SetToggle
                0x0800fef6       0x66 ./USB_HOST/Target/usbh_conf.o
                0x0800fef6                USBH_LL_SetToggle
 .text.USBH_LL_GetToggle
                0x0800ff5c       0x66 ./USB_HOST/Target/usbh_conf.o
                0x0800ff5c                USBH_LL_GetToggle
 .text.USBH_Delay
                0x0800ffc2       0x16 ./USB_HOST/Target/usbh_conf.o
                0x0800ffc2                USBH_Delay
 .text.USBH_Get_USB_Status
                0x0800ffd8       0x58 ./USB_HOST/Target/usbh_conf.o
                0x0800ffd8                USBH_Get_USB_Status
 .text.MX_DriverVbusFS
                0x08010030       0x38 ./USB_HOST/Target/usbh_platform.o
                0x08010030                MX_DriverVbusFS
 .text.MX_DriverVbusHS
                0x08010068       0x38 ./USB_HOST/Target/usbh_platform.o
                0x08010068                MX_DriverVbusHS
 .text.malloc   0x080100a0       0x10 E:/STM32CuneIDE/STM32CubeIDE_1.19.0/STM32CubeIDE/plugins/com.st.stm32cube.ide.mcu.externaltools.gnu-tools-for-stm32.13.3.rel1.win32_1.0.0.202411081344/tools/bin/../lib/gcc/arm-none-eabi/13.3.1/../../../../arm-none-eabi/lib/thumb/v7e-m+fp/hard\libc_nano.a(libc_a-malloc.o)
                0x080100a0                malloc
 .text.free     0x080100b0       0x10 E:/STM32CuneIDE/STM32CubeIDE_1.19.0/STM32CubeIDE/plugins/com.st.stm32cube.ide.mcu.externaltools.gnu-tools-for-stm32.13.3.rel1.win32_1.0.0.202411081344/tools/bin/../lib/gcc/arm-none-eabi/13.3.1/../../../../arm-none-eabi/lib/thumb/v7e-m+fp/hard\libc_nano.a(libc_a-malloc.o)
                0x080100b0                free
 .text.sbrk_aligned
                0x080100c0       0x44 E:/STM32CuneIDE/STM32CubeIDE_1.19.0/STM32CubeIDE/plugins/com.st.stm32cube.ide.mcu.externaltools.gnu-tools-for-stm32.13.3.rel1.win32_1.0.0.202411081344/tools/bin/../lib/gcc/arm-none-eabi/13.3.1/../../../../arm-none-eabi/lib/thumb/v7e-m+fp/hard\libc_nano.a(libc_a-mallocr.o)
 .text._malloc_r
                0x08010104      0x100 E:/STM32CuneIDE/STM32CubeIDE_1.19.0/STM32CubeIDE/plugins/com.st.stm32cube.ide.mcu.externaltools.gnu-tools-for-stm32.13.3.rel1.win32_1.0.0.202411081344/tools/bin/../lib/gcc/arm-none-eabi/13.3.1/../../../../arm-none-eabi/lib/thumb/v7e-m+fp/hard\libc_nano.a(libc_a-mallocr.o)
                0x08010104                _malloc_r
 .text.__malloc_lock
                0x08010204        0xc E:/STM32CuneIDE/STM32CubeIDE_1.19.0/STM32CubeIDE/plugins/com.st.stm32cube.ide.mcu.externaltools.gnu-tools-for-stm32.13.3.rel1.win32_1.0.0.202411081344/tools/bin/../lib/gcc/arm-none-eabi/13.3.1/../../../../arm-none-eabi/lib/thumb/v7e-m+fp/hard\libc_nano.a(libc_a-mlock.o)
                0x08010204                __malloc_lock
 .text.__malloc_unlock
                0x08010210        0xc E:/STM32CuneIDE/STM32CubeIDE_1.19.0/STM32CubeIDE/plugins/com.st.stm32cube.ide.mcu.externaltools.gnu-tools-for-stm32.13.3.rel1.win32_1.0.0.202411081344/tools/bin/../lib/gcc/arm-none-eabi/13.3.1/../../../../arm-none-eabi/lib/thumb/v7e-m+fp/hard\libc_nano.a(libc_a-mlock.o)
                0x08010210                __malloc_unlock
 .text.sprintf  0x0801021c       0x44 E:/STM32CuneIDE/STM32CubeIDE_1.19.0/STM32CubeIDE/plugins/com.st.stm32cube.ide.mcu.externaltools.gnu-tools-for-stm32.13.3.rel1.win32_1.0.0.202411081344/tools/bin/../lib/gcc/arm-none-eabi/13.3.1/../../../../arm-none-eabi/lib/thumb/v7e-m+fp/hard\libc_nano.a(libc_a-sprintf.o)
                0x0801021c                siprintf
                0x0801021c                sprintf
 .text.memset   0x08010260       0x10 E:/STM32CuneIDE/STM32CubeIDE_1.19.0/STM32CubeIDE/plugins/com.st.stm32cube.ide.mcu.externaltools.gnu-tools-for-stm32.13.3.rel1.win32_1.0.0.202411081344/tools/bin/../lib/gcc/arm-none-eabi/13.3.1/../../../../arm-none-eabi/lib/thumb/v7e-m+fp/hard\libc_nano.a(libc_a-memset.o)
                0x08010260                memset
 .text._sbrk_r  0x08010270       0x20 E:/STM32CuneIDE/STM32CubeIDE_1.19.0/STM32CubeIDE/plugins/com.st.stm32cube.ide.mcu.externaltools.gnu-tools-for-stm32.13.3.rel1.win32_1.0.0.202411081344/tools/bin/../lib/gcc/arm-none-eabi/13.3.1/../../../../arm-none-eabi/lib/thumb/v7e-m+fp/hard\libc_nano.a(libc_a-sbrkr.o)
                0x08010270                _sbrk_r
 .text.__errno  0x08010290        0xc E:/STM32CuneIDE/STM32CubeIDE_1.19.0/STM32CubeIDE/plugins/com.st.stm32cube.ide.mcu.externaltools.gnu-tools-for-stm32.13.3.rel1.win32_1.0.0.202411081344/tools/bin/../lib/gcc/arm-none-eabi/13.3.1/../../../../arm-none-eabi/lib/thumb/v7e-m+fp/hard\libc_nano.a(libc_a-errno.o)
                0x08010290                __errno
 .text.__libc_init_array
                0x0801029c       0x48 E:/STM32CuneIDE/STM32CubeIDE_1.19.0/STM32CubeIDE/plugins/com.st.stm32cube.ide.mcu.externaltools.gnu-tools-for-stm32.13.3.rel1.win32_1.0.0.202411081344/tools/bin/../lib/gcc/arm-none-eabi/13.3.1/../../../../arm-none-eabi/lib/thumb/v7e-m+fp/hard\libc_nano.a(libc_a-init.o)
                0x0801029c                __libc_init_array
 .text.__retarget_lock_acquire_recursive
                0x080102e4        0x2 E:/STM32CuneIDE/STM32CubeIDE_1.19.0/STM32CubeIDE/plugins/com.st.stm32cube.ide.mcu.externaltools.gnu-tools-for-stm32.13.3.rel1.win32_1.0.0.202411081344/tools/bin/../lib/gcc/arm-none-eabi/13.3.1/../../../../arm-none-eabi/lib/thumb/v7e-m+fp/hard\libc_nano.a(libc_a-lock.o)
                0x080102e4                __retarget_lock_acquire_recursive
 .text.__retarget_lock_release_recursive
                0x080102e6        0x2 E:/STM32CuneIDE/STM32CubeIDE_1.19.0/STM32CubeIDE/plugins/com.st.stm32cube.ide.mcu.externaltools.gnu-tools-for-stm32.13.3.rel1.win32_1.0.0.202411081344/tools/bin/../lib/gcc/arm-none-eabi/13.3.1/../../../../arm-none-eabi/lib/thumb/v7e-m+fp/hard\libc_nano.a(libc_a-lock.o)
                0x080102e6                __retarget_lock_release_recursive
 .text.memcpy   0x080102e8       0x1c E:/STM32CuneIDE/STM32CubeIDE_1.19.0/STM32CubeIDE/plugins/com.st.stm32cube.ide.mcu.externaltools.gnu-tools-for-stm32.13.3.rel1.win32_1.0.0.202411081344/tools/bin/../lib/gcc/arm-none-eabi/13.3.1/../../../../arm-none-eabi/lib/thumb/v7e-m+fp/hard\libc_nano.a(libc_a-memcpy-stub.o)
                0x080102e8                memcpy
 .text._free_r  0x08010304       0x94 E:/STM32CuneIDE/STM32CubeIDE_1.19.0/STM32CubeIDE/plugins/com.st.stm32cube.ide.mcu.externaltools.gnu-tools-for-stm32.13.3.rel1.win32_1.0.0.202411081344/tools/bin/../lib/gcc/arm-none-eabi/13.3.1/../../../../arm-none-eabi/lib/thumb/v7e-m+fp/hard\libc_nano.a(libc_a-freer.o)
                0x08010304                _free_r
 .text.__ssputs_r
                0x08010398       0xb6 E:/STM32CuneIDE/STM32CubeIDE_1.19.0/STM32CubeIDE/plugins/com.st.stm32cube.ide.mcu.externaltools.gnu-tools-for-stm32.13.3.rel1.win32_1.0.0.202411081344/tools/bin/../lib/gcc/arm-none-eabi/13.3.1/../../../../arm-none-eabi/lib/thumb/v7e-m+fp/hard\libc_nano.a(libc_a-nano-svfprintf.o)
                0x08010398                __ssputs_r
 *fill*         0x0801044e        0x2 
 .text._svfprintf_r
                0x08010450      0x1f8 E:/STM32CuneIDE/STM32CubeIDE_1.19.0/STM32CubeIDE/plugins/com.st.stm32cube.ide.mcu.externaltools.gnu-tools-for-stm32.13.3.rel1.win32_1.0.0.202411081344/tools/bin/../lib/gcc/arm-none-eabi/13.3.1/../../../../arm-none-eabi/lib/thumb/v7e-m+fp/hard\libc_nano.a(libc_a-nano-svfprintf.o)
                0x08010450                _svfiprintf_r
                0x08010450                _svfprintf_r
 .text._printf_common
                0x08010648       0xda E:/STM32CuneIDE/STM32CubeIDE_1.19.0/STM32CubeIDE/plugins/com.st.stm32cube.ide.mcu.externaltools.gnu-tools-for-stm32.13.3.rel1.win32_1.0.0.202411081344/tools/bin/../lib/gcc/arm-none-eabi/13.3.1/../../../../arm-none-eabi/lib/thumb/v7e-m+fp/hard\libc_nano.a(libc_a-nano-vfprintf_i.o)
                0x08010648                _printf_common
 *fill*         0x08010722        0x2 
 .text._printf_i
                0x08010724      0x23c E:/STM32CuneIDE/STM32CubeIDE_1.19.0/STM32CubeIDE/plugins/com.st.stm32cube.ide.mcu.externaltools.gnu-tools-for-stm32.13.3.rel1.win32_1.0.0.202411081344/tools/bin/../lib/gcc/arm-none-eabi/13.3.1/../../../../arm-none-eabi/lib/thumb/v7e-m+fp/hard\libc_nano.a(libc_a-nano-vfprintf_i.o)
                0x08010724                _printf_i
 .text.memmove  0x08010960       0x34 E:/STM32CuneIDE/STM32CubeIDE_1.19.0/STM32CubeIDE/plugins/com.st.stm32cube.ide.mcu.externaltools.gnu-tools-for-stm32.13.3.rel1.win32_1.0.0.202411081344/tools/bin/../lib/gcc/arm-none-eabi/13.3.1/../../../../arm-none-eabi/lib/thumb/v7e-m+fp/hard\libc_nano.a(libc_a-memmove.o)
                0x08010960                memmove
 .text._realloc_r
                0x08010994       0x5c E:/STM32CuneIDE/STM32CubeIDE_1.19.0/STM32CubeIDE/plugins/com.st.stm32cube.ide.mcu.externaltools.gnu-tools-for-stm32.13.3.rel1.win32_1.0.0.202411081344/tools/bin/../lib/gcc/arm-none-eabi/13.3.1/../../../../arm-none-eabi/lib/thumb/v7e-m+fp/hard\libc_nano.a(libc_a-reallocr.o)
                0x08010994                _realloc_r
 .text._malloc_usable_size_r
                0x080109f0       0x10 E:/STM32CuneIDE/STM32CubeIDE_1.19.0/STM32CubeIDE/plugins/com.st.stm32cube.ide.mcu.externaltools.gnu-tools-for-stm32.13.3.rel1.win32_1.0.0.202411081344/tools/bin/../lib/gcc/arm-none-eabi/13.3.1/../../../../arm-none-eabi/lib/thumb/v7e-m+fp/hard\libc_nano.a(libc_a-msizer.o)
                0x080109f0                _malloc_usable_size_r
 *(.glue_7)
 .glue_7        0x08010a00        0x0 linker stubs
 *(.glue_7t)
 .glue_7t       0x08010a00        0x0 linker stubs
 *(.eh_frame)
 .eh_frame      0x08010a00        0x0 E:/STM32CuneIDE/STM32CubeIDE_1.19.0/STM32CubeIDE/plugins/com.st.stm32cube.ide.mcu.externaltools.gnu-tools-for-stm32.13.3.rel1.win32_1.0.0.202411081344/tools/bin/../lib/gcc/arm-none-eabi/13.3.1/thumb/v7e-m+fp/hard/crtbegin.o
 *(.init)
 .init          0x08010a00        0x4 E:/STM32CuneIDE/STM32CubeIDE_1.19.0/STM32CubeIDE/plugins/com.st.stm32cube.ide.mcu.externaltools.gnu-tools-for-stm32.13.3.rel1.win32_1.0.0.202411081344/tools/bin/../lib/gcc/arm-none-eabi/13.3.1/thumb/v7e-m+fp/hard/crti.o
                0x08010a00                _init
 .init          0x08010a04        0x8 E:/STM32CuneIDE/STM32CubeIDE_1.19.0/STM32CubeIDE/plugins/com.st.stm32cube.ide.mcu.externaltools.gnu-tools-for-stm32.13.3.rel1.win32_1.0.0.202411081344/tools/bin/../lib/gcc/arm-none-eabi/13.3.1/thumb/v7e-m+fp/hard/crtn.o
 *(.fini)
 .fini          0x08010a0c        0x4 E:/STM32CuneIDE/STM32CubeIDE_1.19.0/STM32CubeIDE/plugins/com.st.stm32cube.ide.mcu.externaltools.gnu-tools-for-stm32.13.3.rel1.win32_1.0.0.202411081344/tools/bin/../lib/gcc/arm-none-eabi/13.3.1/thumb/v7e-m+fp/hard/crti.o
                0x08010a0c                _fini
 .fini          0x08010a10        0x8 E:/STM32CuneIDE/STM32CubeIDE_1.19.0/STM32CubeIDE/plugins/com.st.stm32cube.ide.mcu.externaltools.gnu-tools-for-stm32.13.3.rel1.win32_1.0.0.202411081344/tools/bin/../lib/gcc/arm-none-eabi/13.3.1/thumb/v7e-m+fp/hard/crtn.o
                0x08010a18                        . = ALIGN (0x4)
                0x08010a18                        _etext = .

.vfp11_veneer   0x08010a18        0x0
 .vfp11_veneer  0x08010a18        0x0 linker stubs

.v4_bx          0x08010a18        0x0
 .v4_bx         0x08010a18        0x0 linker stubs

.iplt           0x08010a18        0x0
 .iplt          0x08010a18        0x0 E:/STM32CuneIDE/STM32CubeIDE_1.19.0/STM32CubeIDE/plugins/com.st.stm32cube.ide.mcu.externaltools.gnu-tools-for-stm32.13.3.rel1.win32_1.0.0.202411081344/tools/bin/../lib/gcc/arm-none-eabi/13.3.1/thumb/v7e-m+fp/hard/crtbegin.o

.rodata         0x08010a18       0x64
                0x08010a18                        . = ALIGN (0x4)
 *(.rodata)
 .rodata        0x08010a18        0xb ./Core/Src/main.o
 *fill*         0x08010a23        0x1 
 .rodata        0x08010a24        0x6 ./Middlewares/ST/STM32_USB_Host_Library/Class/AUDIO/Src/usbh_audio.o
 *fill*         0x08010a2a        0x2 
 .rodata        0x08010a2c        0x4 ./Middlewares/ST/STM32_USB_Host_Library/Class/MSC/Src/usbh_msc.o
 *(.rodata*)
 .rodata.AHBPrescTable
                0x08010a30       0x10 ./Core/Src/system_stm32f7xx.o
                0x08010a30                AHBPrescTable
 .rodata.APBPrescTable
                0x08010a40        0x8 ./Core/Src/system_stm32f7xx.o
                0x08010a40                APBPrescTable
 .rodata._svfprintf_r.str1.1
                0x08010a48       0x33 E:/STM32CuneIDE/STM32CubeIDE_1.19.0/STM32CubeIDE/plugins/com.st.stm32cube.ide.mcu.externaltools.gnu-tools-for-stm32.13.3.rel1.win32_1.0.0.202411081344/tools/bin/../lib/gcc/arm-none-eabi/13.3.1/../../../../arm-none-eabi/lib/thumb/v7e-m+fp/hard\libc_nano.a(libc_a-nano-svfprintf.o)
                                 0x11 (size before relaxing)
 .rodata._printf_i.str1.1
                0x08010a7b       0x22 E:/STM32CuneIDE/STM32CubeIDE_1.19.0/STM32CubeIDE/plugins/com.st.stm32cube.ide.mcu.externaltools.gnu-tools-for-stm32.13.3.rel1.win32_1.0.0.202411081344/tools/bin/../lib/gcc/arm-none-eabi/13.3.1/../../../../arm-none-eabi/lib/thumb/v7e-m+fp/hard\libc_nano.a(libc_a-nano-vfprintf_i.o)
                0x08010aa0                        . = ALIGN (0x4)
 *fill*         0x08010a7b        0x1 

.ARM.extab      0x08010a7c        0x0
                0x08010a7c                        . = ALIGN (0x4)
 *(.ARM.extab* .gnu.linkonce.armextab.*)
                0x08010a7c                        . = ALIGN (0x4)

.ARM            0x08010a7c        0x8
                0x08010a7c                        . = ALIGN (0x4)
                0x08010a7c                        __exidx_start = .
 *(.ARM.exidx*)
 .ARM.exidx     0x08010a7c        0x8 E:/STM32CuneIDE/STM32CubeIDE_1.19.0/STM32CubeIDE/plugins/com.st.stm32cube.ide.mcu.externaltools.gnu-tools-for-stm32.13.3.rel1.win32_1.0.0.202411081344/tools/bin/../lib/gcc/arm-none-eabi/13.3.1/../../../../arm-none-eabi/lib/thumb/v7e-m+fp/hard\libc_nano.a(libc_a-strlen.o)
 .ARM.exidx     0x08010a84        0x0 E:/STM32CuneIDE/STM32CubeIDE_1.19.0/STM32CubeIDE/plugins/com.st.stm32cube.ide.mcu.externaltools.gnu-tools-for-stm32.13.3.rel1.win32_1.0.0.202411081344/tools/bin/../lib/gcc/arm-none-eabi/13.3.1/../../../../arm-none-eabi/lib/thumb/v7e-m+fp/hard\libc_nano.a(libc_a-memchr.o)
                                  0x8 (size before relaxing)
 .ARM.exidx     0x08010a84        0x0 E:/STM32CuneIDE/STM32CubeIDE_1.19.0/STM32CubeIDE/plugins/com.st.stm32cube.ide.mcu.externaltools.gnu-tools-for-stm32.13.3.rel1.win32_1.0.0.202411081344/tools/bin/../lib/gcc/arm-none-eabi/13.3.1/thumb/v7e-m+fp/hard\libgcc.a(_udivmoddi4.o)
                                  0x8 (size before relaxing)
                0x08010a84                        __exidx_end = .
                0x08010a84                        . = ALIGN (0x4)

.preinit_array  0x08010a84        0x0
                0x08010a84                        . = ALIGN (0x4)
                0x08010a84                        PROVIDE (__preinit_array_start = .)
 *(.preinit_array*)
                0x08010a84                        PROVIDE (__preinit_array_end = .)
                0x08010a84                        . = ALIGN (0x4)

.init_array     0x08010a84        0x4
                0x08010a84                        . = ALIGN (0x4)
                0x08010a84                        PROVIDE (__init_array_start = .)
 *(SORT_BY_NAME(.init_array.*))
 *(.init_array*)
 .init_array    0x08010a84        0x4 E:/STM32CuneIDE/STM32CubeIDE_1.19.0/STM32CubeIDE/plugins/com.st.stm32cube.ide.mcu.externaltools.gnu-tools-for-stm32.13.3.rel1.win32_1.0.0.202411081344/tools/bin/../lib/gcc/arm-none-eabi/13.3.1/thumb/v7e-m+fp/hard/crtbegin.o
                0x08010a88                        PROVIDE (__init_array_end = .)
                0x08010a88                        . = ALIGN (0x4)

.fini_array     0x08010a88        0x4
                0x08010a88                        . = ALIGN (0x4)
                [!provide]                        PROVIDE (__fini_array_start = .)
 *(SORT_BY_NAME(.fini_array.*))
 *(.fini_array*)
 .fini_array    0x08010a88        0x4 E:/STM32CuneIDE/STM32CubeIDE_1.19.0/STM32CubeIDE/plugins/com.st.stm32cube.ide.mcu.externaltools.gnu-tools-for-stm32.13.3.rel1.win32_1.0.0.202411081344/tools/bin/../lib/gcc/arm-none-eabi/13.3.1/thumb/v7e-m+fp/hard/crtbegin.o
                [!provide]                        PROVIDE (__fini_array_end = .)
                0x08010a8c                        . = ALIGN (0x4)
                0x08010a8c                        _sidata = LOADADDR (.data)

.rel.dyn        0x08010a8c        0x0
 .rel.iplt      0x08010a8c        0x0 E:/STM32CuneIDE/STM32CubeIDE_1.19.0/STM32CubeIDE/plugins/com.st.stm32cube.ide.mcu.externaltools.gnu-tools-for-stm32.13.3.rel1.win32_1.0.0.202411081344/tools/bin/../lib/gcc/arm-none-eabi/13.3.1/thumb/v7e-m+fp/hard/crtbegin.o

.data           0x20000000       0xa8 load address 0x08010a8c
                0x20000000                        . = ALIGN (0x4)
                0x20000000                        _sdata = .
 *(.data)
 *(.data*)
 .data.data     0x20000000        0xa ./Core/Src/main.o
                0x20000000                data
 *fill*         0x2000000a        0x2 
 .data.SystemCoreClock
                0x2000000c        0x4 ./Core/Src/system_stm32f7xx.o
                0x2000000c                SystemCoreClock
 .data.uwTickPrio
                0x20000010        0x4 ./Drivers/STM32F7xx_HAL_Driver/Src/stm32f7xx_hal.o
                0x20000010                uwTickPrio
 .data.uwTickFreq
                0x20000014        0x1 ./Drivers/STM32F7xx_HAL_Driver/Src/stm32f7xx_hal.o
                0x20000014                uwTickFreq
 *fill*         0x20000015        0x3 
 .data.AUDIO_Class
                0x20000018       0x20 ./Middlewares/ST/STM32_USB_Host_Library/Class/AUDIO/Src/usbh_audio.o
                0x20000018                AUDIO_Class
 .data.USBH_msc
                0x20000038       0x20 ./Middlewares/ST/STM32_USB_Host_Library/Class/MSC/Src/usbh_msc.o
                0x20000038                USBH_msc
 .data._impure_ptr
                0x20000058        0x4 E:/STM32CuneIDE/STM32CubeIDE_1.19.0/STM32CubeIDE/plugins/com.st.stm32cube.ide.mcu.externaltools.gnu-tools-for-stm32.13.3.rel1.win32_1.0.0.202411081344/tools/bin/../lib/gcc/arm-none-eabi/13.3.1/../../../../arm-none-eabi/lib/thumb/v7e-m+fp/hard\libc_nano.a(libc_a-impure.o)
                0x20000058                _impure_ptr
 .data._impure_data
                0x2000005c       0x4c E:/STM32CuneIDE/STM32CubeIDE_1.19.0/STM32CubeIDE/plugins/com.st.stm32cube.ide.mcu.externaltools.gnu-tools-for-stm32.13.3.rel1.win32_1.0.0.202411081344/tools/bin/../lib/gcc/arm-none-eabi/13.3.1/../../../../arm-none-eabi/lib/thumb/v7e-m+fp/hard\libc_nano.a(libc_a-impure.o)
                0x2000005c                _impure_data
 *(.RamFunc)
 *(.RamFunc*)
                0x200000a8                        . = ALIGN (0x4)
                0x200000a8                        _edata = .

.igot.plt       0x200000a8        0x0 load address 0x08010b34
 .igot.plt      0x200000a8        0x0 E:/STM32CuneIDE/STM32CubeIDE_1.19.0/STM32CubeIDE/plugins/com.st.stm32cube.ide.mcu.externaltools.gnu-tools-for-stm32.13.3.rel1.win32_1.0.0.202411081344/tools/bin/../lib/gcc/arm-none-eabi/13.3.1/thumb/v7e-m+fp/hard/crtbegin.o
                0x200000a8                        . = ALIGN (0x4)

.bss            0x200000a8     0x1b80 load address 0x08010b34
                0x200000a8                        _sbss = .
                0x200000a8                        __bss_start__ = _sbss
 *(.bss)
 .bss           0x200000a8       0x1c E:/STM32CuneIDE/STM32CubeIDE_1.19.0/STM32CubeIDE/plugins/com.st.stm32cube.ide.mcu.externaltools.gnu-tools-for-stm32.13.3.rel1.win32_1.0.0.202411081344/tools/bin/../lib/gcc/arm-none-eabi/13.3.1/thumb/v7e-m+fp/hard/crtbegin.o
 *(.bss*)
 .bss.hadc1     0x200000c4       0x48 ./Core/Src/adc.o
                0x200000c4                hadc1
 .bss.hadc2     0x2000010c       0x48 ./Core/Src/adc.o
                0x2000010c                hadc2
 .bss.hadc3     0x20000154       0x48 ./Core/Src/adc.o
                0x20000154                hadc3
 .bss.hsram1    0x2000019c       0x4c ./Core/Src/fmc.o
                0x2000019c                hsram1
 .bss.hsram2    0x200001e8       0x4c ./Core/Src/fmc.o
                0x200001e8                hsram2
 .bss.FMC_Initialized
                0x20000234        0x4 ./Core/Src/fmc.o
 .bss.hi2c1     0x20000238       0x54 ./Core/Src/i2c.o
                0x20000238                hi2c1
 .bss.hi2c2     0x2000028c       0x54 ./Core/Src/i2c.o
                0x2000028c                hi2c2
 .bss.hi2c3     0x200002e0       0x54 ./Core/Src/i2c.o
                0x200002e0                hi2c3
 .bss.hqspi     0x20000334       0x4c ./Core/Src/quadspi.o
                0x20000334                hqspi
 .bss.hsai_BlockA2
                0x20000380       0x84 ./Core/Src/sai.o
                0x20000380                hsai_BlockA2
 .bss.hsai_BlockB2
                0x20000404       0x84 ./Core/Src/sai.o
                0x20000404                hsai_BlockB2
 .bss.SAI2_client
                0x20000488        0x4 ./Core/Src/sai.o
 .bss.hspi1     0x2000048c       0x64 ./Core/Src/spi.o
                0x2000048c                hspi1
 .bss.hspi2     0x200004f0       0x64 ./Core/Src/spi.o
                0x200004f0                hspi2
 .bss.htim1     0x20000554       0x4c ./Core/Src/stm32f7xx_hal_timebase_tim.o
                0x20000554                htim1
 .bss.__sbrk_heap_end
                0x200005a0        0x4 ./Core/Src/sysmem.o
 .bss.htim2     0x200005a4       0x4c ./Core/Src/tim.o
                0x200005a4                htim2
 .bss.htim3     0x200005f0       0x4c ./Core/Src/tim.o
                0x200005f0                htim3
 .bss.htim5     0x2000063c       0x4c ./Core/Src/tim.o
                0x2000063c                htim5
 .bss.htim9     0x20000688       0x4c ./Core/Src/tim.o
                0x20000688                htim9
 .bss.htim12    0x200006d4       0x4c ./Core/Src/tim.o
                0x200006d4                htim12
 .bss.huart4    0x20000720       0x88 ./Core/Src/usart.o
                0x20000720                huart4
 .bss.huart5    0x200007a8       0x88 ./Core/Src/usart.o
                0x200007a8                huart5
 .bss.huart7    0x20000830       0x88 ./Core/Src/usart.o
                0x20000830                huart7
 .bss.huart2    0x200008b8       0x88 ./Core/Src/usart.o
                0x200008b8                huart2
 .bss.huart6    0x20000940       0x88 ./Core/Src/usart.o
                0x20000940                huart6
 .bss.uwTick    0x200009c8        0x4 ./Drivers/STM32F7xx_HAL_Driver/Src/stm32f7xx_hal.o
                0x200009c8                uwTick
 .bss.hUsbHostHS
                0x200009cc      0x4a8 ./USB_HOST/App/usb_host.o
                0x200009cc                hUsbHostHS
 .bss.hUsbHostFS
                0x20000e74      0x4a8 ./USB_HOST/App/usb_host.o
                0x20000e74                hUsbHostFS
 .bss.Appli_state
                0x2000131c        0x1 ./USB_HOST/App/usb_host.o
                0x2000131c                Appli_state
 *fill*         0x2000131d        0x3 
 .bss.hhcd_USB_OTG_FS
                0x20001320      0x3e0 ./USB_HOST/Target/usbh_conf.o
                0x20001320                hhcd_USB_OTG_FS
 .bss.hhcd_USB_OTG_HS
                0x20001700      0x3e0 ./USB_HOST/Target/usbh_conf.o
                0x20001700                hhcd_USB_OTG_HS
 .bss.__malloc_sbrk_start
                0x20001ae0        0x4 E:/STM32CuneIDE/STM32CubeIDE_1.19.0/STM32CubeIDE/plugins/com.st.stm32cube.ide.mcu.externaltools.gnu-tools-for-stm32.13.3.rel1.win32_1.0.0.202411081344/tools/bin/../lib/gcc/arm-none-eabi/13.3.1/../../../../arm-none-eabi/lib/thumb/v7e-m+fp/hard\libc_nano.a(libc_a-mallocr.o)
                0x20001ae0                __malloc_sbrk_start
 .bss.__malloc_free_list
                0x20001ae4        0x4 E:/STM32CuneIDE/STM32CubeIDE_1.19.0/STM32CubeIDE/plugins/com.st.stm32cube.ide.mcu.externaltools.gnu-tools-for-stm32.13.3.rel1.win32_1.0.0.202411081344/tools/bin/../lib/gcc/arm-none-eabi/13.3.1/../../../../arm-none-eabi/lib/thumb/v7e-m+fp/hard\libc_nano.a(libc_a-mallocr.o)
                0x20001ae4                __malloc_free_list
 .bss.__sf      0x20001ae8      0x138 E:/STM32CuneIDE/STM32CubeIDE_1.19.0/STM32CubeIDE/plugins/com.st.stm32cube.ide.mcu.externaltools.gnu-tools-for-stm32.13.3.rel1.win32_1.0.0.202411081344/tools/bin/../lib/gcc/arm-none-eabi/13.3.1/../../../../arm-none-eabi/lib/thumb/v7e-m+fp/hard\libc_nano.a(libc_a-findfp.o)
                0x20001ae8                __sf
 .bss.errno     0x20001c20        0x4 E:/STM32CuneIDE/STM32CubeIDE_1.19.0/STM32CubeIDE/plugins/com.st.stm32cube.ide.mcu.externaltools.gnu-tools-for-stm32.13.3.rel1.win32_1.0.0.202411081344/tools/bin/../lib/gcc/arm-none-eabi/13.3.1/../../../../arm-none-eabi/lib/thumb/v7e-m+fp/hard\libc_nano.a(libc_a-reent.o)
                0x20001c20                errno
 .bss.__lock___malloc_recursive_mutex
                0x20001c24        0x1 E:/STM32CuneIDE/STM32CubeIDE_1.19.0/STM32CubeIDE/plugins/com.st.stm32cube.ide.mcu.externaltools.gnu-tools-for-stm32.13.3.rel1.win32_1.0.0.202411081344/tools/bin/../lib/gcc/arm-none-eabi/13.3.1/../../../../arm-none-eabi/lib/thumb/v7e-m+fp/hard\libc_nano.a(libc_a-lock.o)
                0x20001c24                __lock___malloc_recursive_mutex
 *(COMMON)
                0x20001c28                        . = ALIGN (0x4)
 *fill*         0x20001c25        0x3 
                0x20001c28                        _ebss = .
                0x20001c28                        __bss_end__ = _ebss

._user_heap_stack
                0x20001c28      0x600 load address 0x08010b34
                0x20001c28                        . = ALIGN (0x8)
                [!provide]                        PROVIDE (end = .)
                0x20001c28                        PROVIDE (_end = .)
                0x20001e28                        . = (. + _Min_Heap_Size)
 *fill*         0x20001c28      0x200 
                0x20002228                        . = (. + _Min_Stack_Size)
 *fill*         0x20001e28      0x400 
                0x20002228                        . = ALIGN (0x8)

/DISCARD/
 libc.a(*)
 libm.a(*)
 libgcc.a(*)

.ARM.attributes
                0x00000000       0x30
 *(.ARM.attributes)
 .ARM.attributes
                0x00000000       0x22 E:/STM32CuneIDE/STM32CubeIDE_1.19.0/STM32CubeIDE/plugins/com.st.stm32cube.ide.mcu.externaltools.gnu-tools-for-stm32.13.3.rel1.win32_1.0.0.202411081344/tools/bin/../lib/gcc/arm-none-eabi/13.3.1/thumb/v7e-m+fp/hard/crti.o
 .ARM.attributes
                0x00000022       0x34 E:/STM32CuneIDE/STM32CubeIDE_1.19.0/STM32CubeIDE/plugins/com.st.stm32cube.ide.mcu.externaltools.gnu-tools-for-stm32.13.3.rel1.win32_1.0.0.202411081344/tools/bin/../lib/gcc/arm-none-eabi/13.3.1/thumb/v7e-m+fp/hard/crtbegin.o
 .ARM.attributes
                0x00000056       0x34 ./Core/Src/adc.o
 .ARM.attributes
                0x0000008a       0x34 ./Core/Src/fmc.o
 .ARM.attributes
                0x000000be       0x34 ./Core/Src/gpio.o
 .ARM.attributes
                0x000000f2       0x34 ./Core/Src/i2c.o
 .ARM.attributes
                0x00000126       0x34 ./Core/Src/main.o
 .ARM.attributes
                0x0000015a       0x34 ./Core/Src/quadspi.o
 .ARM.attributes
                0x0000018e       0x34 ./Core/Src/sai.o
 .ARM.attributes
                0x000001c2       0x34 ./Core/Src/spi.o
 .ARM.attributes
                0x000001f6       0x34 ./Core/Src/stm32f7xx_hal_msp.o
 .ARM.attributes
                0x0000022a       0x34 ./Core/Src/stm32f7xx_hal_timebase_tim.o
 .ARM.attributes
                0x0000025e       0x34 ./Core/Src/stm32f7xx_it.o
 .ARM.attributes
                0x00000292       0x34 ./Core/Src/sysmem.o
 .ARM.attributes
                0x000002c6       0x34 ./Core/Src/system_stm32f7xx.o
 .ARM.attributes
                0x000002fa       0x34 ./Core/Src/tim.o
 .ARM.attributes
                0x0000032e       0x34 ./Core/Src/usart.o
 .ARM.attributes
                0x00000362       0x21 ./Core/Startup/startup_stm32f723iekx.o
 .ARM.attributes
                0x00000383       0x34 ./Drivers/STM32F7xx_HAL_Driver/Src/stm32f7xx_hal.o
 .ARM.attributes
                0x000003b7       0x34 ./Drivers/STM32F7xx_HAL_Driver/Src/stm32f7xx_hal_adc.o
 .ARM.attributes
                0x000003eb       0x34 ./Drivers/STM32F7xx_HAL_Driver/Src/stm32f7xx_hal_cortex.o
 .ARM.attributes
                0x0000041f       0x34 ./Drivers/STM32F7xx_HAL_Driver/Src/stm32f7xx_hal_dma.o
 .ARM.attributes
                0x00000453       0x34 ./Drivers/STM32F7xx_HAL_Driver/Src/stm32f7xx_hal_gpio.o
 .ARM.attributes
                0x00000487       0x34 ./Drivers/STM32F7xx_HAL_Driver/Src/stm32f7xx_hal_hcd.o
 .ARM.attributes
                0x000004bb       0x34 ./Drivers/STM32F7xx_HAL_Driver/Src/stm32f7xx_hal_i2c.o
 .ARM.attributes
                0x000004ef       0x34 ./Drivers/STM32F7xx_HAL_Driver/Src/stm32f7xx_hal_i2c_ex.o
 .ARM.attributes
                0x00000523       0x34 ./Drivers/STM32F7xx_HAL_Driver/Src/stm32f7xx_hal_pwr.o
 .ARM.attributes
                0x00000557       0x34 ./Drivers/STM32F7xx_HAL_Driver/Src/stm32f7xx_hal_pwr_ex.o
 .ARM.attributes
                0x0000058b       0x34 ./Drivers/STM32F7xx_HAL_Driver/Src/stm32f7xx_hal_qspi.o
 .ARM.attributes
                0x000005bf       0x34 ./Drivers/STM32F7xx_HAL_Driver/Src/stm32f7xx_hal_rcc.o
 .ARM.attributes
                0x000005f3       0x34 ./Drivers/STM32F7xx_HAL_Driver/Src/stm32f7xx_hal_rcc_ex.o
 .ARM.attributes
                0x00000627       0x34 ./Drivers/STM32F7xx_HAL_Driver/Src/stm32f7xx_hal_sai.o
 .ARM.attributes
                0x0000065b       0x34 ./Drivers/STM32F7xx_HAL_Driver/Src/stm32f7xx_hal_spi.o
 .ARM.attributes
                0x0000068f       0x34 ./Drivers/STM32F7xx_HAL_Driver/Src/stm32f7xx_hal_sram.o
 .ARM.attributes
                0x000006c3       0x34 ./Drivers/STM32F7xx_HAL_Driver/Src/stm32f7xx_hal_tim.o
 .ARM.attributes
                0x000006f7       0x34 ./Drivers/STM32F7xx_HAL_Driver/Src/stm32f7xx_hal_tim_ex.o
 .ARM.attributes
                0x0000072b       0x34 ./Drivers/STM32F7xx_HAL_Driver/Src/stm32f7xx_hal_uart.o
 .ARM.attributes
                0x0000075f       0x34 ./Drivers/STM32F7xx_HAL_Driver/Src/stm32f7xx_ll_fmc.o
 .ARM.attributes
                0x00000793       0x34 ./Drivers/STM32F7xx_HAL_Driver/Src/stm32f7xx_ll_usb.o
 .ARM.attributes
                0x000007c7       0x34 ./Middlewares/ST/STM32_USB_Host_Library/Class/AUDIO/Src/usbh_audio.o
 .ARM.attributes
                0x000007fb       0x34 ./Middlewares/ST/STM32_USB_Host_Library/Class/MSC/Src/usbh_msc.o
 .ARM.attributes
                0x0000082f       0x34 ./Middlewares/ST/STM32_USB_Host_Library/Class/MSC/Src/usbh_msc_bot.o
 .ARM.attributes
                0x00000863       0x34 ./Middlewares/ST/STM32_USB_Host_Library/Class/MSC/Src/usbh_msc_scsi.o
 .ARM.attributes
                0x00000897       0x34 ./Middlewares/ST/STM32_USB_Host_Library/Core/Src/usbh_core.o
 .ARM.attributes
                0x000008cb       0x34 ./Middlewares/ST/STM32_USB_Host_Library/Core/Src/usbh_ctlreq.o
 .ARM.attributes
                0x000008ff       0x34 ./Middlewares/ST/STM32_USB_Host_Library/Core/Src/usbh_ioreq.o
 .ARM.attributes
                0x00000933       0x34 ./Middlewares/ST/STM32_USB_Host_Library/Core/Src/usbh_pipes.o
 .ARM.attributes
                0x00000967       0x34 ./USB_HOST/App/usb_host.o
 .ARM.attributes
                0x0000099b       0x34 ./USB_HOST/Target/usbh_conf.o
 .ARM.attributes
                0x000009cf       0x34 ./USB_HOST/Target/usbh_platform.o
 .ARM.attributes
                0x00000a03       0x34 E:/STM32CuneIDE/STM32CubeIDE_1.19.0/STM32CubeIDE/plugins/com.st.stm32cube.ide.mcu.externaltools.gnu-tools-for-stm32.13.3.rel1.win32_1.0.0.202411081344/tools/bin/../lib/gcc/arm-none-eabi/13.3.1/../../../../arm-none-eabi/lib/thumb/v7e-m+fp/hard\libc_nano.a(libc_a-malloc.o)
 .ARM.attributes
                0x00000a37       0x34 E:/STM32CuneIDE/STM32CubeIDE_1.19.0/STM32CubeIDE/plugins/com.st.stm32cube.ide.mcu.externaltools.gnu-tools-for-stm32.13.3.rel1.win32_1.0.0.202411081344/tools/bin/../lib/gcc/arm-none-eabi/13.3.1/../../../../arm-none-eabi/lib/thumb/v7e-m+fp/hard\libc_nano.a(libc_a-mallocr.o)
 .ARM.attributes
                0x00000a6b       0x34 E:/STM32CuneIDE/STM32CubeIDE_1.19.0/STM32CubeIDE/plugins/com.st.stm32cube.ide.mcu.externaltools.gnu-tools-for-stm32.13.3.rel1.win32_1.0.0.202411081344/tools/bin/../lib/gcc/arm-none-eabi/13.3.1/../../../../arm-none-eabi/lib/thumb/v7e-m+fp/hard\libc_nano.a(libc_a-mlock.o)
 .ARM.attributes
                0x00000a9f       0x34 E:/STM32CuneIDE/STM32CubeIDE_1.19.0/STM32CubeIDE/plugins/com.st.stm32cube.ide.mcu.externaltools.gnu-tools-for-stm32.13.3.rel1.win32_1.0.0.202411081344/tools/bin/../lib/gcc/arm-none-eabi/13.3.1/../../../../arm-none-eabi/lib/thumb/v7e-m+fp/hard\libc_nano.a(libc_a-findfp.o)
 .ARM.attributes
                0x00000ad3       0x34 E:/STM32CuneIDE/STM32CubeIDE_1.19.0/STM32CubeIDE/plugins/com.st.stm32cube.ide.mcu.externaltools.gnu-tools-for-stm32.13.3.rel1.win32_1.0.0.202411081344/tools/bin/../lib/gcc/arm-none-eabi/13.3.1/../../../../arm-none-eabi/lib/thumb/v7e-m+fp/hard\libc_nano.a(libc_a-sprintf.o)
 .ARM.attributes