15:05:39 **** Incremental Build of configuration Debug for project STM32F723E-DISCO ****
make -j16 all 
arm-none-eabi-gcc "../Core/Src/main.c" -mcpu=cortex-m7 -std=gnu11 -g3 -DDEBUG -DUSE_HAL_DRIVER -DSTM32F723xx -c -I../USB_HOST/App -I../USB_HOST/Target -I../Core/Inc -I../Drivers/STM32F7xx_HAL_Driver/Inc -I../Drivers/STM32F7xx_HAL_Driver/Inc/Legacy -I../Middlewares/ST/STM32_USB_Host_Library/Core/Inc -I../Middlewares/ST/STM32_USB_Host_Library/Class/AUDIO/Inc -I../Middlewares/ST/STM32_USB_Host_Library/Class/MSC/Inc -I../Drivers/CMSIS/Device/ST/STM32F7xx/Include -I../Drivers/CMSIS/Include -O0 -ffunction-sections -fdata-sections -Wall -fstack-usage -fcyclomatic-complexity -MMD -MP -MF"Core/Src/main.d" -MT"Core/Src/main.o" --specs=nano.specs -mfpu=fpv5-sp-d16 -mfloat-abi=hard -mthumb -o "Core/Src/main.o"
arm-none-eabi-gcc -o "STM32F723E-DISCO.elf" @"objects.list"   -mcpu=cortex-m7 -T"E:\STM32CubeIDE_workspace\STM32F723E-DISCO\STM32F723IEKX_FLASH.ld" --specs=nosys.specs -Wl,-Map="STM32F723E-DISCO.map" -Wl,--gc-sections -static --specs=nano.specs -mfpu=fpv5-sp-d16 -mfloat-abi=hard -mthumb -Wl,--start-group -lc -lm -Wl,--end-group
Finished building target: STM32F723E-DISCO.elf
 
arm-none-eabi-size  STM32F723E-DISCO.elf 
arm-none-eabi-objdump -h -S STM32F723E-DISCO.elf  > "STM32F723E-DISCO.list"
   text	   data	    bss	    dec	    hex	filename
  68236	    168	   8576	  76980	  12cb4	STM32F723E-DISCO.elf
arm-none-eabi-objcopy  -O ihex STM32F723E-DISCO.elf  "STM32F723E-DISCO.hex"
Finished building: default.size.stdout
 
Finished building: STM32F723E-DISCO.hex
 
Finished building: STM32F723E-DISCO.list
 
